05:30:01.943  INFO                                               ──────── monitor started · interval 1.2s · 2026-09-01 05:30:01 ────────
05:30:37.802  INFO                                               ──────── monitor stopped · screened 0, flagged 0, alerts 0 · 2026-09-01 05:30:37 ────────
05:47:08.720  INFO                                               ──────── monitor started · interval 1.2s · 2026-09-01 05:47:08 ────────
05:57:09.137  INFO                                               ──────── monitor started · interval 1.2s · 2026-09-01 05:57:09 ────────
06:09:21.766  INFO                                               ──────── monitor stopped · screened 0, flagged 0, alerts 0 · 2026-09-01 06:09:21 ────────
06:09:21.766  INFO                                               ──────── monitor started · interval 1.2s · 2026-09-01 06:09:21 ────────
06:09:30.540  INFO                                               ──────── monitor stopped · screened 0, flagged 0, alerts 0 · 2026-09-01 06:09:30 ────────
06:09:43.088  INFO                                               ──────── monitor started · interval 1.2s · 2026-09-01 06:09:43 ────────
06:41:12.943  INFO                                               ──────── monitor started · interval 1.2s · 2026-09-01 06:41:12 ────────
06:45:27.786  INFO  deepsentinel_showcase_100_LKR (1)-00000000   fusion: VERDICT LOW fused=0.0000 (meta_classifier, 3/3)  contributions graph=-2.10 behavioural=-3.79 temporal=-3.38
06:45:29.614  INFO  deepsentinel_showcase_100_LKR (1)-00000001   fusion: VERDICT LOW fused=0.0000 (meta_classifier, 3/3)  contributions graph=-2.10 behavioural=-3.79 temporal=-2.56
06:45:32.070  INFO  deepsentinel_showcase_100_LKR (1)-00000005   fusion: VERDICT LOW fused=0.0000 (meta_classifier, 3/3)  contributions graph=-1.99 behavioural=-3.79 temporal=-2.44
06:45:34.347  INFO  deepsentinel_showcase_100_LKR (1)-00000006   fusion: VERDICT LOW fused=0.0000 (meta_classifier, 3/3)  contributions graph=-2.10 behavioural=-3.79 temporal=-2.18
06:45:35.933  INFO  deepsentinel_showcase_100_LKR (1)-00000007   fusion: VERDICT LOW fused=0.0000 (meta_classifier, 3/3)  contributions graph=-2.10 behavioural=-3.79 temporal=-2.44
06:45:37.807  INFO  deepsentinel_showcase_100_LKR (1)-00000011   fusion: VERDICT LOW fused=0.0001 (meta_classifier, 3/3)  contributions graph=-1.95 behavioural=-3.27 temporal=-2.12
06:45:40.317  INFO  deepsentinel_showcase_100_LKR (1)-00000012   fusion: VERDICT LOW fused=0.0000 (meta_classifier, 3/3)  contributions graph=-1.40 behavioural=-3.79 temporal=-2.36
06:45:43.312  INFO  deepsentinel_showcase_100_LKR (1)-00000013   fusion: VERDICT LOW fused=0.0001 (meta_classifier, 3/3)  contributions graph=-2.10 behavioural=-3.79 temporal=-1.55
06:45:45.499  INFO  deepsentinel_showcase_100_LKR (1)-00000017   fusion: VERDICT LOW fused=0.0000 (meta_classifier, 3/3)  contributions graph=-2.10 behavioural=-3.79 temporal=-2.33
06:45:47.145  INFO  deepsentinel_showcase_100_LKR (1)-00000018   fusion: VERDICT LOW fused=0.0000 (meta_classifier, 3/3)  contributions graph=-2.10 behavioural=-3.79 temporal=-3.08
06:45:48.789  INFO  deepsentinel_showcase_100_LKR (1)-00000016   fusion: VERDICT LOW fused=0.0000 (meta_classifier, 3/3)  contributions graph=-2.10 behavioural=-3.79 temporal=-2.02
06:45:50.768  INFO  deepsentinel_showcase_100_LKR (1)-00000023   fusion: VERDICT LOW fused=0.0000 (meta_classifier, 3/3)  contributions graph=-1.66 behavioural=-3.79 temporal=-2.53
06:45:52.676  INFO  deepsentinel_showcase_100_LKR (1)-00000025   fusion: VERDICT LOW fused=0.0000 (meta_classifier, 3/3)  contributions graph=-2.10 behavioural=-3.79 temporal=-3.35
06:45:54.301  INFO  deepsentinel_showcase_100_LKR (1)-00000024   fusion: VERDICT LOW fused=0.0000 (meta_classifier, 3/3)  contributions graph=-2.10 behavioural=-3.79 temporal=-4.15
06:45:56.545  INFO  deepsentinel_showcase_100_LKR (1)-00000028   fusion: VERDICT LOW fused=0.0000 (meta_classifier, 3/3)  contributions graph=-2.10 behavioural=-3.79 temporal=-4.22
06:45:58.124  INFO  deepsentinel_showcase_100_LKR (1)-00000029   fusion: VERDICT LOW fused=0.0000 (meta_classifier, 3/3)  contributions graph=-2.12 behavioural=-3.79 temporal=-2.93
06:46:00.258  INFO  deepsentinel_showcase_100_LKR (1)-00000032   fusion: VERDICT LOW fused=0.0000 (meta_classifier, 3/3)  contributions graph=-2.12 behavioural=-3.79 temporal=-2.66
06:46:02.838  INFO  deepsentinel_showcase_100_LKR (1)-00000034   fusion: VERDICT LOW fused=0.0000 (meta_classifier, 3/3)  contributions graph=-2.10 behavioural=-3.79 temporal=-4.26
06:46:04.789  INFO  deepsentinel_showcase_100_LKR (1)-00000035   fusion: VERDICT LOW fused=0.0000 (meta_classifier, 3/3)  contributions graph=-2.10 behavioural=-3.79 temporal=-4.21
06:46:06.587  INFO  deepsentinel_showcase_100_LKR (1)-00000033   fusion: VERDICT LOW fused=0.0000 (meta_classifier, 3/3)  contributions graph=-2.10 behavioural=-3.79 temporal=-4.21
06:46:08.908  INFO  deepsentinel_showcase_100_LKR (1)-00000040   fusion: VERDICT HIGH fused=0.7129 (meta_classifier, 3/3, driver=temporal)  contributions graph=-1.77 behavioural=-1.30 temporal=+6.38
06:46:10.223  INFO  deepsentinel_showcase_100_LKR (1)-00000040   START  rag_retrieval
06:46:10.733  INFO  deepsentinel_showcase_100_LKR (1)-00000040   OK     rag_retrieval in 511ms — matched "Temporal Velocity Fraud / Rapid Movement" (similarity 0.720)
06:46:10.733  INFO  deepsentinel_showcase_100_LKR (1)-00000040   START  llm_narrative
06:46:11.486  INFO  deepsentinel_showcase_100_LKR (1)-00000039   fusion: VERDICT LOW fused=0.0007 (meta_classifier, 3/3)  contributions graph=-2.10 behavioural=-0.07 temporal=-2.75
06:46:11.659  ERROR deepsentinel_showcase_100_LKR (1)-00000040   FAIL   llm_narrative after 925ms — PermissionDenied: 403 Your API key was reported as leaked. Please use another API key.
06:46:11.659  ERROR deepsentinel_showcase_100_LKR (1)-00000040   FAIL   forensic report — PermissionDenied: 403 Your API key was reported as leaked. Please use another API key.
06:46:11.659  INFO  deepsentinel_showcase_100_LKR (1)-00000040   START  subgraph_diagram
06:46:11.660  INFO  deepsentinel_showcase_100_LKR (1)-00000040   OK     subgraph_diagram in 1ms — no diagram produced
06:46:11.971  INFO  deepsentinel_showcase_100_LKR (1)-00000040   START  email_delivery
06:46:13.065  INFO  deepsentinel_showcase_100_LKR (1)-00000041   fusion: VERDICT LOW fused=0.0000 (meta_classifier, 3/3)  contributions graph=-2.10 behavioural=-3.79 temporal=-4.31
06:46:15.273  INFO  deepsentinel_showcase_100_LKR (1)-00000047   fusion: VERDICT LOW fused=0.0000 (meta_classifier, 3/3)  contributions graph=-0.82 behavioural=-3.79 temporal=-3.05
06:46:16.829  INFO  deepsentinel_showcase_100_LKR (1)-00000040   OK     email_delivery in 4.86s — delivered to 1 recipient(s)
06:46:18.213  INFO  deepsentinel_showcase_100_LKR (1)-00000049   fusion: VERDICT LOW fused=0.0000 (meta_classifier, 3/3)  contributions graph=-2.10 behavioural=-3.79 temporal=-3.07
06:46:20.036  INFO  deepsentinel_showcase_100_LKR (1)-00000048   fusion: VERDICT LOW fused=0.0080 (meta_classifier, 3/3)  contributions graph=-0.03 behavioural=-0.07 temporal=-2.31
06:46:28.176  INFO  deepsentinel_showcase_100_LKR (1)-00000059   fusion: VERDICT LOW fused=0.0000 (meta_classifier, 3/3)  contributions graph=-2.10 behavioural=-3.79 temporal=-2.37
06:46:29.961  INFO  deepsentinel_showcase_100_LKR (1)-00000056   fusion: VERDICT LOW fused=0.0000 (meta_classifier, 3/3)  contributions graph=-1.99 behavioural=-3.79 temporal=-2.31
06:46:31.559  INFO  deepsentinel_showcase_100_LKR (1)-00000057   fusion: VERDICT CRITICAL fused=0.9757 (meta_classifier, 3/3, driver=temporal)  contributions graph=-0.30 behavioural=-2.12 temporal=+8.52
06:46:33.218  INFO  deepsentinel_showcase_100_LKR (1)-00000057   START  rag_retrieval
06:46:33.233  INFO  deepsentinel_showcase_100_LKR (1)-00000057   OK     rag_retrieval in 15ms — matched "Temporal Velocity Fraud / Rapid Movement" (similarity 0.720)
06:46:33.233  INFO  deepsentinel_showcase_100_LKR (1)-00000057   START  llm_narrative
06:46:33.838  ERROR deepsentinel_showcase_100_LKR (1)-00000057   FAIL   llm_narrative after 604ms — PermissionDenied: 403 Your API key was reported as leaked. Please use another API key.
06:46:33.838  ERROR deepsentinel_showcase_100_LKR (1)-00000057   FAIL   forensic report — PermissionDenied: 403 Your API key was reported as leaked. Please use another API key.
06:46:33.838  INFO  deepsentinel_showcase_100_LKR (1)-00000057   START  subgraph_diagram
06:46:33.839  INFO  deepsentinel_showcase_100_LKR (1)-00000057   OK     subgraph_diagram in 1ms — no diagram produced
06:46:34.430  INFO  deepsentinel_showcase_100_LKR (1)-00000057   START  email_delivery
06:46:34.469  INFO  deepsentinel_showcase_100_LKR (1)-00000058   fusion: VERDICT LOW fused=0.0003 (meta_classifier, 3/3, driver=temporal)  contributions graph=-2.10 behavioural=-3.79 temporal=+0.21
06:46:37.260  INFO  deepsentinel_showcase_100_LKR (1)-00000068   fusion: VERDICT LOW fused=0.0001 (meta_classifier, 3/3)  contributions graph=-2.10 behavioural=-3.79 temporal=-1.04
06:46:38.881  INFO  deepsentinel_showcase_100_LKR (1)-00000067   fusion: VERDICT LOW fused=0.0001 (meta_classifier, 3/3)  contributions graph=-2.10 behavioural=-3.79 temporal=-1.45
06:46:39.036  INFO  deepsentinel_showcase_100_LKR (1)-00000057   OK     email_delivery in 4.61s — delivered to 1 recipient(s)
06:46:41.065  INFO  deepsentinel_showcase_100_LKR (1)-00000069   fusion: VERDICT LOW fused=0.0010 (meta_classifier, 3/3, driver=temporal)  contributions graph=-1.40 behavioural=-3.79 temporal=+0.73
06:46:44.516  INFO  deepsentinel_showcase_100_LKR (1)-00000071   fusion: VERDICT LOW fused=0.0000 (meta_classifier, 3/3)  contributions graph=-2.10 behavioural=-3.79 temporal=-3.01
06:46:46.419  INFO  deepsentinel_showcase_100_LKR (1)-00000070   fusion: VERDICT LOW fused=0.0000 (meta_classifier, 3/3)  contributions graph=-2.10 behavioural=-3.79 temporal=-3.11
06:46:48.565  INFO  deepsentinel_showcase_100_LKR (1)-00000079   fusion: VERDICT LOW fused=0.0000 (meta_classifier, 3/3)  contributions graph=-2.00 behavioural=-3.79 temporal=-2.29
06:46:50.148  INFO  deepsentinel_showcase_100_LKR (1)-00000072   fusion: VERDICT LOW fused=0.0000 (meta_classifier, 3/3)  contributions graph=-2.10 behavioural=-3.79 temporal=-3.07
06:46:52.022  INFO  deepsentinel_showcase_100_LKR (1)-00000077   fusion: VERDICT LOW fused=0.0000 (meta_classifier, 3/3)  contributions graph=-2.10 behavioural=-3.79 temporal=-3.26
06:46:53.736  INFO  deepsentinel_showcase_100_LKR (1)-00000076   fusion: VERDICT LOW fused=0.0000 (meta_classifier, 3/3)  contributions graph=-2.10 behavioural=-3.79 temporal=-3.14
06:46:55.574  INFO  deepsentinel_showcase_100_LKR (1)-00000075   fusion: VERDICT LOW fused=0.0000 (meta_classifier, 3/3)  contributions graph=-2.00 behavioural=-3.56 temporal=-3.34
06:46:57.300  INFO  deepsentinel_showcase_100_LKR (1)-00000073   fusion: VERDICT LOW fused=0.0000 (meta_classifier, 3/3)  contributions graph=-2.10 behavioural=-3.79 temporal=-2.81
06:46:58.872  INFO  deepsentinel_showcase_100_LKR (1)-00000078   fusion: VERDICT LOW fused=0.0000 (meta_classifier, 3/3)  contributions graph=-2.10 behavioural=-3.79 temporal=-2.93
06:47:00.741  INFO  deepsentinel_showcase_100_LKR (1)-00000074   fusion: VERDICT LOW fused=0.0000 (meta_classifier, 3/3)  contributions graph=-1.99 behavioural=-3.79 temporal=-3.21
06:47:03.245  INFO  deepsentinel_showcase_100_LKR (1)-00000092   fusion: VERDICT LOW fused=0.0001 (meta_classifier, 3/3)  contributions graph=-2.10 behavioural=-3.56 temporal=-1.12
06:47:04.814  INFO  deepsentinel_showcase_100_LKR (1)-00000087   fusion: VERDICT HIGH fused=0.7679 (meta_classifier, 3/3, driver=temporal)  contributions graph=-1.99 behavioural=-2.60 temporal=+8.20
06:47:06.335  INFO  deepsentinel_showcase_100_LKR (1)-00000087   START  rag_retrieval
06:47:06.354  INFO  deepsentinel_showcase_100_LKR (1)-00000087   OK     rag_retrieval in 20ms — matched "Temporal Velocity Fraud / Rapid Movement" (similarity 0.720)
06:47:06.355  INFO  deepsentinel_showcase_100_LKR (1)-00000087   START  llm_narrative
06:47:06.941  ERROR deepsentinel_showcase_100_LKR (1)-00000087   FAIL   llm_narrative after 586ms — PermissionDenied: 403 Your API key was reported as leaked. Please use another API key.
06:47:06.941  ERROR deepsentinel_showcase_100_LKR (1)-00000087   FAIL   forensic report — PermissionDenied: 403 Your API key was reported as leaked. Please use another API key.
06:47:06.941  INFO  deepsentinel_showcase_100_LKR (1)-00000087   START  subgraph_diagram
06:47:06.942  INFO  deepsentinel_showcase_100_LKR (1)-00000087   OK     subgraph_diagram in 1ms — no diagram produced
06:47:07.388  INFO  deepsentinel_showcase_100_LKR (1)-00000087   START  email_delivery
06:47:07.582  INFO  deepsentinel_showcase_100_LKR (1)-00000086   fusion: VERDICT LOW fused=0.0008 (meta_classifier, 3/3, driver=temporal)  contributions graph=-2.10 behavioural=-3.27 temporal=+0.68
06:47:09.271  INFO  deepsentinel_showcase_100_LKR (1)-00000085   fusion: VERDICT CRITICAL fused=1.0000 (meta_classifier, 3/3, driver=behavioural)  contributions graph=+5.38 behavioural=+8.19 temporal=+7.32
06:47:10.898  INFO  deepsentinel_showcase_100_LKR (1)-00000085   START  rag_retrieval
06:47:10.916  INFO  deepsentinel_showcase_100_LKR (1)-00000085   OK     rag_retrieval in 18ms — matched "Account Takeover Fraud" (similarity 0.737)
06:47:10.916  INFO  deepsentinel_showcase_100_LKR (1)-00000085   START  llm_narrative
06:47:11.648  ERROR deepsentinel_showcase_100_LKR (1)-00000085   FAIL   llm_narrative after 733ms — PermissionDenied: 403 Your API key was reported as leaked. Please use another API key.
06:47:11.649  ERROR deepsentinel_showcase_100_LKR (1)-00000085   FAIL   forensic report — PermissionDenied: 403 Your API key was reported as leaked. Please use another API key.
06:47:11.649  INFO  deepsentinel_showcase_100_LKR (1)-00000085   START  subgraph_diagram
06:47:11.650  INFO  deepsentinel_showcase_100_LKR (1)-00000085   OK     subgraph_diagram in 2ms — no diagram produced
06:47:12.126  INFO  deepsentinel_showcase_100_LKR (1)-00000087   OK     email_delivery in 4.74s — delivered to 1 recipient(s)
06:47:12.156  INFO  deepsentinel_showcase_100_LKR (1)-00000093   fusion: VERDICT CRITICAL fused=0.9885 (meta_classifier, 3/3, driver=temporal)  contributions graph=-0.03 behavioural=-2.12 temporal=+9.00
06:47:12.196  INFO  deepsentinel_showcase_100_LKR (1)-00000085   START  email_delivery
06:47:13.540  INFO  deepsentinel_showcase_100_LKR (1)-00000093   START  rag_retrieval
06:47:13.558  INFO  deepsentinel_showcase_100_LKR (1)-00000093   OK     rag_retrieval in 18ms — matched "Temporal Velocity Fraud / Rapid Movement" (similarity 0.724)
06:47:13.558  INFO  deepsentinel_showcase_100_LKR (1)-00000093   START  llm_narrative
06:47:14.168  ERROR deepsentinel_showcase_100_LKR (1)-00000093   FAIL   llm_narrative after 610ms — PermissionDenied: 403 Your API key was reported as leaked. Please use another API key.
06:47:14.168  ERROR deepsentinel_showcase_100_LKR (1)-00000093   FAIL   forensic report — PermissionDenied: 403 Your API key was reported as leaked. Please use another API key.
06:47:14.168  INFO  deepsentinel_showcase_100_LKR (1)-00000093   START  subgraph_diagram
06:47:14.169  INFO  deepsentinel_showcase_100_LKR (1)-00000093   OK     subgraph_diagram in 1ms — no diagram produced
06:47:14.641  INFO  deepsentinel_showcase_100_LKR (1)-00000093   START  email_delivery
06:47:14.818  INFO  deepsentinel_showcase_100_LKR (1)-00000089   fusion: VERDICT LOW fused=0.0001 (meta_classifier, 3/3)  contributions graph=-2.00 behavioural=-3.44 temporal=-1.01
06:47:16.199  INFO  deepsentinel_showcase_100_LKR (1)-00000085   OK     email_delivery in 4.00s — delivered to 1 recipient(s)
06:47:16.717  INFO  deepsentinel_showcase_100_LKR (1)-00000091   fusion: VERDICT HIGH fused=0.7416 (meta_classifier, 3/3, driver=temporal)  contributions graph=-1.75 behavioural=-2.60 temporal=+7.81
06:47:18.734  INFO  deepsentinel_showcase_100_LKR (1)-00000093   OK     email_delivery in 4.09s — delivered to 1 recipient(s)
06:47:22.130  INFO  deepsentinel_showcase_100_LKR (1)-00000091   START  rag_retrieval
06:47:22.148  INFO  deepsentinel_showcase_100_LKR (1)-00000091   OK     rag_retrieval in 18ms — matched "Temporal Velocity Fraud / Rapid Movement" (similarity 0.719)
06:47:22.148  INFO  deepsentinel_showcase_100_LKR (1)-00000091   START  llm_narrative
06:47:22.750  ERROR deepsentinel_showcase_100_LKR (1)-00000091   FAIL   llm_narrative after 601ms — PermissionDenied: 403 Your API key was reported as leaked. Please use another API key.
06:47:22.750  ERROR deepsentinel_showcase_100_LKR (1)-00000091   FAIL   forensic report — PermissionDenied: 403 Your API key was reported as leaked. Please use another API key.
06:47:22.751  INFO  deepsentinel_showcase_100_LKR (1)-00000091   START  subgraph_diagram
06:47:22.751  INFO  deepsentinel_showcase_100_LKR (1)-00000091   OK     subgraph_diagram in 1ms — no diagram produced
06:47:23.261  INFO  deepsentinel_showcase_100_LKR (1)-00000091   START  email_delivery
06:47:23.615  INFO  deepsentinel_showcase_100_LKR (1)-00000090   fusion: VERDICT LOW fused=0.0002 (meta_classifier, 3/3)  contributions graph=-1.99 behavioural=-3.44 temporal=-0.53
06:47:25.352  INFO  deepsentinel_showcase_100_LKR (1)-00000088   fusion: VERDICT HIGH fused=0.6977 (meta_classifier, 3/3, driver=temporal)  contributions graph=-2.10 behavioural=-2.12 temporal=+7.46
06:47:26.781  INFO  deepsentinel_showcase_100_LKR (1)-00000088   START  rag_retrieval
06:47:26.795  INFO  deepsentinel_showcase_100_LKR (1)-00000088   OK     rag_retrieval in 13ms — matched "Temporal Velocity Fraud / Rapid Movement" (similarity 0.720)
06:47:26.795  INFO  deepsentinel_showcase_100_LKR (1)-00000088   START  llm_narrative
06:47:27.118  INFO  deepsentinel_showcase_100_LKR (1)-00000091   OK     email_delivery in 3.86s — delivered to 1 recipient(s)
06:47:27.318  ERROR deepsentinel_showcase_100_LKR (1)-00000088   FAIL   llm_narrative after 524ms — PermissionDenied: 403 Your API key was reported as leaked. Please use another API key.
06:47:27.319  ERROR deepsentinel_showcase_100_LKR (1)-00000088   FAIL   forensic report — PermissionDenied: 403 Your API key was reported as leaked. Please use another API key.
06:47:27.319  INFO  deepsentinel_showcase_100_LKR (1)-00000088   START  subgraph_diagram
06:47:27.319  INFO  deepsentinel_showcase_100_LKR (1)-00000088   OK     subgraph_diagram in 1ms — no diagram produced
06:47:27.729  INFO  deepsentinel_showcase_100_LKR (1)-00000088   START  email_delivery
06:47:28.404  INFO  deepsentinel_showcase_100_LKR (1)-00000098   fusion: VERDICT LOW fused=0.0033 (meta_classifier, 3/3, driver=temporal)  contributions graph=-1.99 behavioural=-3.27 temporal=+1.97
06:47:29.983  INFO  deepsentinel_showcase_100_LKR (1)-00000094   fusion: VERDICT LOW fused=0.0001 (meta_classifier, 3/3)  contributions graph=-1.99 behavioural=-3.56 temporal=-1.44
06:47:31.633  INFO  deepsentinel_showcase_100_LKR (1)-00000095   fusion: VERDICT CRITICAL fused=0.9159 (meta_classifier, 3/3, driver=temporal)  contributions graph=-0.82 behavioural=-2.12 temporal=+7.73
06:47:32.263  INFO  deepsentinel_showcase_100_LKR (1)-00000088   OK     email_delivery in 4.53s — delivered to 1 recipient(s)
06:47:37.598  INFO  deepsentinel_showcase_100_LKR (1)-00000095   START  rag_retrieval
06:47:37.611  INFO  deepsentinel_showcase_100_LKR (1)-00000095   OK     rag_retrieval in 13ms — matched "Temporal Velocity Fraud / Rapid Movement" (similarity 0.722)
06:47:37.611  INFO  deepsentinel_showcase_100_LKR (1)-00000095   START  llm_narrative
06:47:38.284  ERROR deepsentinel_showcase_100_LKR (1)-00000095   FAIL   llm_narrative after 673ms — PermissionDenied: 403 Your API key was reported as leaked. Please use another API key.
06:47:38.284  ERROR deepsentinel_showcase_100_LKR (1)-00000095   FAIL   forensic report — PermissionDenied: 403 Your API key was reported as leaked. Please use another API key.
06:47:38.284  INFO  deepsentinel_showcase_100_LKR (1)-00000095   START  subgraph_diagram
06:47:38.286  INFO  deepsentinel_showcase_100_LKR (1)-00000095   OK     subgraph_diagram in 1ms — no diagram produced
06:47:38.748  INFO  deepsentinel_showcase_100_LKR (1)-00000095   START  email_delivery
06:47:39.119  INFO  deepsentinel_showcase_100_LKR (1)-00000099   fusion: VERDICT LOW fused=0.0010 (meta_classifier, 3/3, driver=temporal)  contributions graph=-2.00 behavioural=-3.07 temporal=+0.60
06:47:40.795  INFO  deepsentinel_showcase_100_LKR (1)-00000097   fusion: VERDICT LOW fused=0.0005 (meta_classifier, 3/3)  contributions graph=-1.40 behavioural=-3.27 temporal=-0.58
06:47:43.654  INFO  deepsentinel_showcase_100_LKR (1)-00000095   OK     email_delivery in 4.91s — delivered to 1 recipient(s)
06:47:43.818  INFO  deepsentinel_showcase_100_LKR (1)-00000096   fusion: VERDICT LOW fused=0.0357 (meta_classifier, 3/3)  contributions graph=-0.35 behavioural=-0.07 temporal=-0.47
09:21:16.427  INFO  deepsentinel_test_window_50-00000001         fusion: VERDICT LOW fused=0.0001 (meta_classifier, 3/3)  contributions graph=-2.10 behavioural=-3.79 temporal=-1.39
09:21:18.870  INFO  deepsentinel_test_window_50-00000002         fusion: VERDICT LOW fused=0.0000 (meta_classifier, 3/3)  contributions graph=-1.99 behavioural=-3.79 temporal=-2.51
09:21:22.553  INFO  deepsentinel_test_window_50-00000005         fusion: VERDICT LOW fused=0.0002 (meta_classifier, 3/3)  contributions graph=-2.10 behavioural=-3.79 temporal=-0.05
09:21:24.529  INFO  deepsentinel_test_window_50-00000006         fusion: VERDICT LOW fused=0.0000 (meta_classifier, 3/3)  contributions graph=-2.10 behavioural=-3.79 temporal=-2.93
09:21:26.336  INFO  deepsentinel_test_window_50-00000007         fusion: VERDICT LOW fused=0.0000 (meta_classifier, 3/3)  contributions graph=-2.10 behavioural=-3.56 temporal=-2.53
09:21:28.831  INFO  deepsentinel_test_window_50-00000011         fusion: VERDICT LOW fused=0.0000 (meta_classifier, 3/3)  contributions graph=-2.12 behavioural=-3.56 temporal=-2.63
09:21:31.730  INFO  deepsentinel_test_window_50-00000012         fusion: VERDICT LOW fused=0.0001 (meta_classifier, 3/3)  contributions graph=-2.10 behavioural=-3.79 temporal=-1.52
09:21:33.671  INFO  deepsentinel_test_window_50-00000013         fusion: VERDICT LOW fused=0.0000 (meta_classifier, 3/3)  contributions graph=-1.99 behavioural=-3.79 temporal=-2.48
09:21:36.476  INFO  deepsentinel_test_window_50-00000017         fusion: VERDICT LOW fused=0.0000 (meta_classifier, 3/3)  contributions graph=-2.10 behavioural=-3.79 temporal=-2.79
09:21:39.069  INFO  deepsentinel_test_window_50-00000018         fusion: VERDICT LOW fused=0.0000 (meta_classifier, 3/3)  contributions graph=-2.10 behavioural=-3.79 temporal=-2.73
09:21:41.307  INFO  deepsentinel_test_window_50-00000019         fusion: VERDICT HIGH fused=0.6675 (meta_classifier, 3/3, driver=temporal)  contributions graph=-2.10 behavioural=-2.60 temporal=+7.81
09:21:44.413  INFO  deepsentinel_test_window_50-00000019         START  rag_retrieval
09:21:44.434  INFO  deepsentinel_test_window_50-00000019         OK     rag_retrieval in 20ms — matched "Temporal Velocity Fraud / Rapid Movement" (similarity 0.718)
09:21:44.434  INFO  deepsentinel_test_window_50-00000019         START  llm_narrative
09:21:45.405  ERROR deepsentinel_test_window_50-00000019         FAIL   llm_narrative after 971ms — PermissionDenied: 403 Your API key was reported as leaked. Please use another API key.
09:21:45.405  ERROR deepsentinel_test_window_50-00000019         FAIL   forensic report — PermissionDenied: 403 Your API key was reported as leaked. Please use another API key.
09:21:45.405  INFO  deepsentinel_test_window_50-00000019         START  subgraph_diagram
09:21:45.414  INFO  deepsentinel_test_window_50-00000019         OK     subgraph_diagram in 9ms — no diagram produced
09:21:45.683  INFO  deepsentinel_test_window_50-00000020         fusion: VERDICT LOW fused=0.0000 (meta_classifier, 3/3)  contributions graph=-2.12 behavioural=-3.79 temporal=-2.34
09:21:46.473  INFO  deepsentinel_test_window_50-00000019         START  email_delivery
09:21:49.072  INFO  deepsentinel_test_window_50-00000026         fusion: VERDICT LOW fused=0.0001 (meta_classifier, 3/3)  contributions graph=-0.35 behavioural=-3.79 temporal=-2.44
09:21:52.374  INFO  deepsentinel_test_window_50-00000019         OK     email_delivery in 5.90s — delivered to 1 recipient(s)
09:21:56.900  INFO  deepsentinel_test_window_50-00000033         fusion: VERDICT CRITICAL fused=0.8526 (meta_classifier, 3/3, driver=temporal)  contributions graph=-2.10 behavioural=-1.30 temporal=+7.56
09:21:59.627  INFO  deepsentinel_test_window_50-00000033         START  rag_retrieval
09:21:59.640  INFO  deepsentinel_test_window_50-00000033         OK     rag_retrieval in 13ms — matched "Temporal Velocity Fraud / Rapid Movement" (similarity 0.719)
09:21:59.640  INFO  deepsentinel_test_window_50-00000033         START  llm_narrative
09:22:00.266  ERROR deepsentinel_test_window_50-00000033         FAIL   llm_narrative after 626ms — PermissionDenied: 403 Your API key was reported as leaked. Please use another API key.
09:22:00.266  ERROR deepsentinel_test_window_50-00000033         FAIL   forensic report — PermissionDenied: 403 Your API key was reported as leaked. Please use another API key.
09:22:00.266  INFO  deepsentinel_test_window_50-00000033         START  subgraph_diagram
09:22:00.268  INFO  deepsentinel_test_window_50-00000033         OK     subgraph_diagram in 1ms — no diagram produced
09:22:00.825  INFO  deepsentinel_test_window_50-00000033         START  email_delivery
09:22:00.890  INFO  deepsentinel_test_window_50-00000031         fusion: VERDICT HIGH fused=0.7418 (meta_classifier, 3/3, driver=temporal)  contributions graph=-2.10 behavioural=-1.30 temporal=+6.86
09:22:03.477  INFO  deepsentinel_test_window_50-00000031         START  rag_retrieval
09:22:03.490  INFO  deepsentinel_test_window_50-00000031         OK     rag_retrieval in 14ms — matched "Temporal Velocity Fraud / Rapid Movement" (similarity 0.719)
09:22:03.490  INFO  deepsentinel_test_window_50-00000031         START  llm_narrative
09:22:04.187  ERROR deepsentinel_test_window_50-00000031         FAIL   llm_narrative after 697ms — PermissionDenied: 403 Your API key was reported as leaked. Please use another API key.
09:22:04.187  ERROR deepsentinel_test_window_50-00000031         FAIL   forensic report — PermissionDenied: 403 Your API key was reported as leaked. Please use another API key.
09:22:04.187  INFO  deepsentinel_test_window_50-00000031         START  subgraph_diagram
09:22:04.189  INFO  deepsentinel_test_window_50-00000031         OK     subgraph_diagram in 1ms — no diagram produced
09:22:04.767  INFO  deepsentinel_test_window_50-00000032         fusion: VERDICT LOW fused=0.0003 (meta_classifier, 3/3, driver=temporal)  contributions graph=-2.10 behavioural=-3.79 temporal=+0.09
09:22:04.988  INFO  deepsentinel_test_window_50-00000031         START  email_delivery
09:22:06.769  INFO  deepsentinel_test_window_50-00000033         OK     email_delivery in 5.94s — delivered to 1 recipient(s)
09:22:07.684  INFO  deepsentinel_test_window_50-00000040         fusion: VERDICT LOW fused=0.0000 (meta_classifier, 3/3)  contributions graph=-2.10 behavioural=-3.79 temporal=-2.73
09:22:10.164  INFO  deepsentinel_test_window_50-00000041         fusion: VERDICT LOW fused=0.0015 (meta_classifier, 3/3)  contributions graph=-2.10 behavioural=-0.07 temporal=-1.89
09:22:10.457  INFO  deepsentinel_test_window_50-00000031         OK     email_delivery in 5.47s — delivered to 1 recipient(s)
09:22:12.025  INFO  deepsentinel_test_window_50-00000042         fusion: VERDICT LOW fused=0.0000 (meta_classifier, 3/3)  contributions graph=-2.10 behavioural=-3.79 temporal=-2.84
09:22:14.577  INFO  deepsentinel_test_window_50-00000045         fusion: VERDICT LOW fused=0.0000 (meta_classifier, 3/3)  contributions graph=-2.10 behavioural=-3.79 temporal=-2.54
09:22:17.096  INFO  deepsentinel_test_window_50-00000046         fusion: VERDICT LOW fused=0.0000 (meta_classifier, 3/3)  contributions graph=-2.10 behavioural=-3.79 temporal=-2.79
09:22:20.264  INFO  deepsentinel_test_window_50-00000047         fusion: VERDICT LOW fused=0.0000 (meta_classifier, 3/3)  contributions graph=-2.12 behavioural=-3.79 temporal=-2.56
09:22:22.118  INFO  deepsentinel_test_window_50-00000048         fusion: VERDICT LOW fused=0.0000 (meta_classifier, 3/3)  contributions graph=-2.10 behavioural=-3.79 temporal=-2.84
