05:30:01.937  INFO                                               ──────── monitor started · interval 1.2s · 2026-09-01 05:30:01 ────────
05:30:37.802  INFO                                               ──────── monitor stopped · screened 0, flagged 0, alerts 0 · 2026-09-01 05:30:37 ────────
05:47:08.720  INFO                                               ──────── monitor started · interval 1.2s · 2026-09-01 05:47:08 ────────
05:57:09.135  INFO                                               ──────── monitor started · interval 1.2s · 2026-09-01 05:57:09 ────────
06:09:21.763  INFO                                               ──────── monitor stopped · screened 0, flagged 0, alerts 0 · 2026-09-01 06:09:21 ────────
06:09:21.766  INFO                                               ──────── monitor started · interval 1.2s · 2026-09-01 06:09:21 ────────
06:09:30.540  INFO                                               ──────── monitor stopped · screened 0, flagged 0, alerts 0 · 2026-09-01 06:09:30 ────────
06:09:43.088  INFO                                               ──────── monitor started · interval 1.2s · 2026-09-01 06:09:43 ────────
06:41:12.940  INFO                                               ──────── monitor started · interval 1.2s · 2026-09-01 06:41:12 ────────
06:45:27.445  INFO  deepsentinel_showcase_100_LKR (1)-00000000   ───── screening  CASH_OUT 161299.34 C1859807389 → C375991142
06:45:27.515  INFO  deepsentinel_showcase_100_LKR (1)-00000000   graph: OK     score=0.017100 risk=LOW pattern=ACCOUNT_TAKEOVER sink=C375991142 in 70ms
06:45:27.714  INFO  deepsentinel_showcase_100_LKR (1)-00000000   behaviour: OK     /api/v1/behavioral/classify → behavioral_risk_score=0.000001 in 267ms
06:45:27.768  INFO  deepsentinel_showcase_100_LKR (1)-00000000   timing: OK     /api/v1/classify → temporal_risk_score=0.146180 in 321ms
06:45:27.786  INFO  deepsentinel_showcase_100_LKR (1)-00000000   fusion: VERDICT LOW fused=0.0000 (meta_classifier, 3/3)  contributions graph=-2.10 behavioural=-3.79 temporal=-3.38
06:45:29.346  INFO  deepsentinel_showcase_100_LKR (1)-00000001   ───── screening  CASH_OUT 86907.72 C142431459 → C1952824232
06:45:29.354  INFO  deepsentinel_showcase_100_LKR (1)-00000001   behaviour: OK     /api/v1/behavioral/classify → behavioral_risk_score=0.000001 in 6ms
06:45:29.378  INFO  deepsentinel_showcase_100_LKR (1)-00000001   graph: OK     score=0.017100 risk=LOW pattern=HUB_AND_SPOKE sink=C1952824232 in 31ms
06:45:29.611  INFO  deepsentinel_showcase_100_LKR (1)-00000001   timing: OK     /api/v1/classify → temporal_risk_score=0.198697 in 265ms
06:45:29.614  INFO  deepsentinel_showcase_100_LKR (1)-00000001   fusion: VERDICT LOW fused=0.0000 (meta_classifier, 3/3)  contributions graph=-2.10 behavioural=-3.79 temporal=-2.56
06:45:31.809  INFO  deepsentinel_showcase_100_LKR (1)-00000005   ───── screening  CASH_OUT 294414.11 C1725286445 → C1957902809
06:45:31.819  INFO  deepsentinel_showcase_100_LKR (1)-00000005   behaviour: OK     /api/v1/behavioral/classify → behavioral_risk_score=0.000002 in 7ms
06:45:31.841  INFO  deepsentinel_showcase_100_LKR (1)-00000005   graph: OK     score=0.031300 risk=LOW pattern=ACCOUNT_TAKEOVER sink=C1957902809 in 32ms
06:45:32.069  INFO  deepsentinel_showcase_100_LKR (1)-00000005   timing: OK     /api/v1/classify → temporal_risk_score=0.206609 in 258ms
06:45:32.070  INFO  deepsentinel_showcase_100_LKR (1)-00000005   fusion: VERDICT LOW fused=0.0000 (meta_classifier, 3/3)  contributions graph=-1.99 behavioural=-3.79 temporal=-2.44
06:45:34.282  INFO  deepsentinel_showcase_100_LKR (1)-00000006   ───── screening  CASH_OUT 355165.33 C960408664 → C1517654592
06:45:34.290  INFO  deepsentinel_showcase_100_LKR (1)-00000006   behaviour: OK     /api/v1/behavioral/classify → behavioral_risk_score=0.000002 in 7ms
06:45:34.316  INFO  deepsentinel_showcase_100_LKR (1)-00000006   graph: OK     score=0.017100 risk=LOW pattern=HUB_AND_SPOKE sink=C1517654592 in 34ms
06:45:34.345  INFO  deepsentinel_showcase_100_LKR (1)-00000006   timing: OK     /api/v1/classify → temporal_risk_score=0.223169 in 63ms
06:45:34.347  INFO  deepsentinel_showcase_100_LKR (1)-00000006   fusion: VERDICT LOW fused=0.0000 (meta_classifier, 3/3)  contributions graph=-2.10 behavioural=-3.79 temporal=-2.18
06:45:35.865  INFO  deepsentinel_showcase_100_LKR (1)-00000007   ───── screening  CASH_OUT 439439.64 C737167936 → C407396226
06:45:35.875  INFO  deepsentinel_showcase_100_LKR (1)-00000007   behaviour: OK     /api/v1/behavioral/classify → behavioral_risk_score=0.000002 in 7ms
06:45:35.901  INFO  deepsentinel_showcase_100_LKR (1)-00000007   graph: OK     score=0.017100 risk=LOW pattern=HUB_AND_SPOKE sink=C407396226 in 35ms
06:45:35.933  INFO  deepsentinel_showcase_100_LKR (1)-00000007   timing: OK     /api/v1/classify → temporal_risk_score=0.206766 in 66ms
06:45:35.933  INFO  deepsentinel_showcase_100_LKR (1)-00000007   fusion: VERDICT LOW fused=0.0000 (meta_classifier, 3/3)  contributions graph=-2.10 behavioural=-3.79 temporal=-2.44
06:45:37.743  INFO  deepsentinel_showcase_100_LKR (1)-00000011   ───── screening  CASH_OUT 335081.72 C1289722383 → C1174143356
06:45:37.751  INFO  deepsentinel_showcase_100_LKR (1)-00000011   behaviour: OK     /api/v1/behavioral/classify → behavioral_risk_score=0.042818 in 6ms
06:45:37.775  INFO  deepsentinel_showcase_100_LKR (1)-00000011   graph: OK     score=0.036600 risk=LOW pattern=ACCOUNT_TAKEOVER sink=C1174143356 in 31ms
06:45:37.805  INFO  deepsentinel_showcase_100_LKR (1)-00000011   timing: OK     /api/v1/classify → temporal_risk_score=0.227203 in 61ms
06:45:37.807  INFO  deepsentinel_showcase_100_LKR (1)-00000011   fusion: VERDICT LOW fused=0.0001 (meta_classifier, 3/3)  contributions graph=-1.95 behavioural=-3.27 temporal=-2.12
06:45:40.080  INFO  deepsentinel_showcase_100_LKR (1)-00000012   ───── screening  TRANSFER 773168.61 C872303815 → C1286878889
06:45:40.312  INFO  deepsentinel_showcase_100_LKR (1)-00000012   behaviour: OK     /api/v1/behavioral/classify → behavioral_risk_score=0.000032 in 230ms
06:45:40.315  INFO  deepsentinel_showcase_100_LKR (1)-00000012   graph: OK     score=0.107800 risk=MEDIUM pattern=ACCOUNT_TAKEOVER sink=C1286878889 in 234ms
06:45:40.315  INFO  deepsentinel_showcase_100_LKR (1)-00000012   timing: OK     /api/v1/classify → temporal_risk_score=0.211384 in 234ms
06:45:40.317  INFO  deepsentinel_showcase_100_LKR (1)-00000012   fusion: VERDICT LOW fused=0.0000 (meta_classifier, 3/3)  contributions graph=-1.40 behavioural=-3.79 temporal=-2.36
06:45:43.246  INFO  deepsentinel_showcase_100_LKR (1)-00000013   ───── screening  CASH_OUT 133549.09 C15880608 → C300377332
06:45:43.256  INFO  deepsentinel_showcase_100_LKR (1)-00000013   behaviour: OK     /api/v1/behavioral/classify → behavioral_risk_score=0.000001 in 7ms
06:45:43.280  INFO  deepsentinel_showcase_100_LKR (1)-00000013   graph: OK     score=0.017100 risk=LOW pattern=ACCOUNT_TAKEOVER sink=C300377332 in 33ms
06:45:43.311  INFO  deepsentinel_showcase_100_LKR (1)-00000013   timing: OK     /api/v1/classify → temporal_risk_score=0.263755 in 63ms
06:45:43.312  INFO  deepsentinel_showcase_100_LKR (1)-00000013   fusion: VERDICT LOW fused=0.0001 (meta_classifier, 3/3)  contributions graph=-2.10 behavioural=-3.79 temporal=-1.55
06:45:45.436  INFO  deepsentinel_showcase_100_LKR (1)-00000017   ───── screening  TRANSFER 489762.48 C1505017654 → C1701030656
06:45:45.444  INFO  deepsentinel_showcase_100_LKR (1)-00000017   behaviour: OK     /api/v1/behavioral/classify → behavioral_risk_score=0.000032 in 6ms
06:45:45.466  INFO  deepsentinel_showcase_100_LKR (1)-00000017   graph: OK     score=0.017200 risk=LOW pattern=HUB_AND_SPOKE sink=C1701030656 in 31ms
06:45:45.498  INFO  deepsentinel_showcase_100_LKR (1)-00000017   timing: OK     /api/v1/classify → temporal_risk_score=0.213887 in 61ms
06:45:45.499  INFO  deepsentinel_showcase_100_LKR (1)-00000017   fusion: VERDICT LOW fused=0.0000 (meta_classifier, 3/3)  contributions graph=-2.10 behavioural=-3.79 temporal=-2.33
06:45:47.084  INFO  deepsentinel_showcase_100_LKR (1)-00000018   ───── screening  CASH_OUT 186664.82 C338497858 → C803100374
06:45:47.093  INFO  deepsentinel_showcase_100_LKR (1)-00000018   behaviour: OK     /api/v1/behavioral/classify → behavioral_risk_score=0.000001 in 7ms
06:45:47.114  INFO  deepsentinel_showcase_100_LKR (1)-00000018   graph: OK     score=0.017100 risk=LOW pattern=HUB_AND_SPOKE sink=C803100374 in 29ms
06:45:47.144  INFO  deepsentinel_showcase_100_LKR (1)-00000018   timing: OK     /api/v1/classify → temporal_risk_score=0.165238 in 58ms
06:45:47.145  INFO  deepsentinel_showcase_100_LKR (1)-00000018   fusion: VERDICT LOW fused=0.0000 (meta_classifier, 3/3)  contributions graph=-2.10 behavioural=-3.79 temporal=-3.08
06:45:48.719  INFO  deepsentinel_showcase_100_LKR (1)-00000016   ───── screening  CASH_OUT 19531.58 C245696158 → C1430807750
06:45:48.727  INFO  deepsentinel_showcase_100_LKR (1)-00000016   behaviour: OK     /api/v1/behavioral/classify → behavioral_risk_score=0.000002 in 6ms
06:45:48.754  INFO  deepsentinel_showcase_100_LKR (1)-00000016   graph: OK     score=0.017100 risk=LOW pattern=HUB_AND_SPOKE sink=C1430807750 in 34ms
06:45:48.788  INFO  deepsentinel_showcase_100_LKR (1)-00000016   timing: OK     /api/v1/classify → temporal_risk_score=0.233402 in 68ms
06:45:48.789  INFO  deepsentinel_showcase_100_LKR (1)-00000016   fusion: VERDICT LOW fused=0.0000 (meta_classifier, 3/3)  contributions graph=-2.10 behavioural=-3.79 temporal=-2.02
06:45:50.698  INFO  deepsentinel_showcase_100_LKR (1)-00000023   ───── screening  TRANSFER 684628.46 C2108809070 → C2029252184
06:45:50.708  INFO  deepsentinel_showcase_100_LKR (1)-00000023   behaviour: OK     /api/v1/behavioral/classify → behavioral_risk_score=0.000032 in 7ms
06:45:50.731  INFO  deepsentinel_showcase_100_LKR (1)-00000023   graph: OK     score=0.074600 risk=LOW pattern=ACCOUNT_TAKEOVER sink=C2029252184 in 33ms
06:45:50.766  INFO  deepsentinel_showcase_100_LKR (1)-00000023   timing: OK     /api/v1/classify → temporal_risk_score=0.201072 in 66ms
06:45:50.768  INFO  deepsentinel_showcase_100_LKR (1)-00000023   fusion: VERDICT LOW fused=0.0000 (meta_classifier, 3/3)  contributions graph=-1.66 behavioural=-3.79 temporal=-2.53
06:45:52.609  INFO  deepsentinel_showcase_100_LKR (1)-00000025   ───── screening  CASH_OUT 18844.55 C410999175 → C1039518331
06:45:52.619  INFO  deepsentinel_showcase_100_LKR (1)-00000025   behaviour: OK     /api/v1/behavioral/classify → behavioral_risk_score=0.000002 in 9ms
06:45:52.641  INFO  deepsentinel_showcase_100_LKR (1)-00000025   graph: OK     score=0.017100 risk=LOW pattern=HUB_AND_SPOKE sink=C1039518331 in 32ms
06:45:52.676  INFO  deepsentinel_showcase_100_LKR (1)-00000025   timing: OK     /api/v1/classify → temporal_risk_score=0.147902 in 66ms
06:45:52.676  INFO  deepsentinel_showcase_100_LKR (1)-00000025   fusion: VERDICT LOW fused=0.0000 (meta_classifier, 3/3)  contributions graph=-2.10 behavioural=-3.79 temporal=-3.35
06:45:54.239  INFO  deepsentinel_showcase_100_LKR (1)-00000024   ───── screening  CASH_OUT 209872.13 C68727737 → C195075307
06:45:54.247  INFO  deepsentinel_showcase_100_LKR (1)-00000024   behaviour: OK     /api/v1/behavioral/classify → behavioral_risk_score=0.000001 in 7ms
06:45:54.272  INFO  deepsentinel_showcase_100_LKR (1)-00000024   graph: OK     score=0.018300 risk=LOW pattern=HUB_AND_SPOKE sink=C195075307 in 32ms
06:45:54.300  INFO  deepsentinel_showcase_100_LKR (1)-00000024   timing: OK     /api/v1/classify → temporal_risk_score=0.096572 in 60ms
06:45:54.301  INFO  deepsentinel_showcase_100_LKR (1)-00000024   fusion: VERDICT LOW fused=0.0000 (meta_classifier, 3/3)  contributions graph=-2.10 behavioural=-3.79 temporal=-4.15
06:45:56.475  INFO  deepsentinel_showcase_100_LKR (1)-00000028   ───── screening  CASH_OUT 93218.07 C2077771688 → C983498224
06:45:56.484  INFO  deepsentinel_showcase_100_LKR (1)-00000028   behaviour: OK     /api/v1/behavioral/classify → behavioral_risk_score=0.000001 in 7ms
06:45:56.507  INFO  deepsentinel_showcase_100_LKR (1)-00000028   graph: OK     score=0.017200 risk=LOW pattern=ACCOUNT_TAKEOVER sink=C983498224 in 32ms
06:45:56.544  INFO  deepsentinel_showcase_100_LKR (1)-00000028   timing: OK     /api/v1/classify → temporal_risk_score=0.092395 in 67ms
06:45:56.545  INFO  deepsentinel_showcase_100_LKR (1)-00000028   fusion: VERDICT LOW fused=0.0000 (meta_classifier, 3/3)  contributions graph=-2.10 behavioural=-3.79 temporal=-4.22
06:45:58.054  INFO  deepsentinel_showcase_100_LKR (1)-00000029   ───── screening  CASH_OUT 299109.54 C1937609453 → C1175684124
06:45:58.063  INFO  deepsentinel_showcase_100_LKR (1)-00000029   behaviour: OK     /api/v1/behavioral/classify → behavioral_risk_score=0.000002 in 8ms
06:45:58.092  INFO  deepsentinel_showcase_100_LKR (1)-00000029   graph: OK     score=0.014600 risk=LOW pattern=HUB_AND_SPOKE sink=C1175684124 in 38ms
06:45:58.124  INFO  deepsentinel_showcase_100_LKR (1)-00000029   timing: OK     /api/v1/classify → temporal_risk_score=0.175312 in 69ms
06:45:58.124  INFO  deepsentinel_showcase_100_LKR (1)-00000029   fusion: VERDICT LOW fused=0.0000 (meta_classifier, 3/3)  contributions graph=-2.12 behavioural=-3.79 temporal=-2.93
06:46:00.188  INFO  deepsentinel_showcase_100_LKR (1)-00000032   ───── screening  CASH_OUT 102569.01 C790724504 → C1162496639
06:46:00.198  INFO  deepsentinel_showcase_100_LKR (1)-00000032   behaviour: OK     /api/v1/behavioral/classify → behavioral_risk_score=0.000001 in 8ms
06:46:00.223  INFO  deepsentinel_showcase_100_LKR (1)-00000032   graph: OK     score=0.014600 risk=LOW pattern=HUB_AND_SPOKE sink=C1162496639 in 35ms
06:46:00.256  INFO  deepsentinel_showcase_100_LKR (1)-00000032   timing: OK     /api/v1/classify → temporal_risk_score=0.192584 in 68ms
06:46:00.258  INFO  deepsentinel_showcase_100_LKR (1)-00000032   fusion: VERDICT LOW fused=0.0000 (meta_classifier, 3/3)  contributions graph=-2.12 behavioural=-3.79 temporal=-2.66
06:46:02.774  INFO  deepsentinel_showcase_100_LKR (1)-00000034   ───── screening  TRANSFER 1009998.58 C899091570 → C128079794
06:46:02.785  INFO  deepsentinel_showcase_100_LKR (1)-00000034   behaviour: OK     /api/v1/behavioral/classify → behavioral_risk_score=0.000032 in 8ms
06:46:02.810  INFO  deepsentinel_showcase_100_LKR (1)-00000034   graph: OK     score=0.017100 risk=LOW pattern=HUB_AND_SPOKE sink=C128079794 in 35ms
06:46:02.838  INFO  deepsentinel_showcase_100_LKR (1)-00000034   timing: OK     /api/v1/classify → temporal_risk_score=0.089533 in 63ms
06:46:02.838  INFO  deepsentinel_showcase_100_LKR (1)-00000034   fusion: VERDICT LOW fused=0.0000 (meta_classifier, 3/3)  contributions graph=-2.10 behavioural=-3.79 temporal=-4.26
06:46:04.535  INFO  deepsentinel_showcase_100_LKR (1)-00000035   ───── screening  CASH_OUT 177501.81 C1769303029 → C2085477612
06:46:04.785  INFO  deepsentinel_showcase_100_LKR (1)-00000035   behaviour: OK     /api/v1/behavioral/classify → behavioral_risk_score=0.000001 in 249ms
06:46:04.787  INFO  deepsentinel_showcase_100_LKR (1)-00000035   graph: OK     score=0.017200 risk=LOW pattern=ACCOUNT_TAKEOVER sink=C2085477612 in 252ms
06:46:04.787  INFO  deepsentinel_showcase_100_LKR (1)-00000035   timing: OK     /api/v1/classify → temporal_risk_score=0.092648 in 252ms
06:46:04.789  INFO  deepsentinel_showcase_100_LKR (1)-00000035   fusion: VERDICT LOW fused=0.0000 (meta_classifier, 3/3)  contributions graph=-2.10 behavioural=-3.79 temporal=-4.21
06:46:06.516  INFO  deepsentinel_showcase_100_LKR (1)-00000033   ───── screening  TRANSFER 268928.37 C251904983 → C1254890312
06:46:06.524  INFO  deepsentinel_showcase_100_LKR (1)-00000033   behaviour: OK     /api/v1/behavioral/classify → behavioral_risk_score=0.000001 in 6ms
06:46:06.548  INFO  deepsentinel_showcase_100_LKR (1)-00000033   graph: OK     score=0.017100 risk=LOW pattern=HUB_AND_SPOKE sink=C1254890312 in 32ms
06:46:06.586  INFO  deepsentinel_showcase_100_LKR (1)-00000033   timing: OK     /api/v1/classify → temporal_risk_score=0.092536 in 69ms
06:46:06.587  INFO  deepsentinel_showcase_100_LKR (1)-00000033   fusion: VERDICT LOW fused=0.0000 (meta_classifier, 3/3)  contributions graph=-2.10 behavioural=-3.79 temporal=-4.21
06:46:08.842  INFO  deepsentinel_showcase_100_LKR (1)-00000040   ───── screening  TRANSFER 404394.04 C57037472 → C149688378
06:46:08.851  INFO  deepsentinel_showcase_100_LKR (1)-00000040   behaviour: OK     /api/v1/behavioral/classify → behavioral_risk_score=0.208016 in 7ms
06:46:08.875  INFO  deepsentinel_showcase_100_LKR (1)-00000040   graph: OK     score=0.060700 risk=LOW pattern=ACCOUNT_TAKEOVER sink=C149688378 in 33ms
06:46:08.907  INFO  deepsentinel_showcase_100_LKR (1)-00000040   timing: OK     /api/v1/classify → temporal_risk_score=0.773775 in 63ms
06:46:08.908  INFO  deepsentinel_showcase_100_LKR (1)-00000040   fusion: VERDICT HIGH fused=0.7129 (meta_classifier, 3/3, driver=temporal)  contributions graph=-1.77 behavioural=-1.30 temporal=+6.38
06:46:11.427  INFO  deepsentinel_showcase_100_LKR (1)-00000039   ───── screening  CASH_OUT 337287.72 C976181773 → C497482843
06:46:11.435  INFO  deepsentinel_showcase_100_LKR (1)-00000039   behaviour: OK     /api/v1/behavioral/classify → behavioral_risk_score=0.310365 in 7ms
06:46:11.457  INFO  deepsentinel_showcase_100_LKR (1)-00000039   graph: OK     score=0.017100 risk=LOW pattern=HUB_AND_SPOKE sink=C497482843 in 30ms
06:46:11.486  INFO  deepsentinel_showcase_100_LKR (1)-00000039   timing: OK     /api/v1/classify → temporal_risk_score=0.186366 in 58ms
06:46:11.487  INFO  deepsentinel_showcase_100_LKR (1)-00000039   fusion: VERDICT LOW fused=0.0007 (meta_classifier, 3/3)  contributions graph=-2.10 behavioural=-0.07 temporal=-2.75
06:46:11.971  INFO  deepsentinel_showcase_100_LKR (1)-00000040   fusion: START  email_delivery
06:46:13.002  INFO  deepsentinel_showcase_100_LKR (1)-00000041   ───── screening  CASH_OUT 77295.97 C662278657 → C1131768031
06:46:13.011  INFO  deepsentinel_showcase_100_LKR (1)-00000041   behaviour: OK     /api/v1/behavioral/classify → behavioral_risk_score=0.000001 in 8ms
06:46:13.033  INFO  deepsentinel_showcase_100_LKR (1)-00000041   graph: OK     score=0.017100 risk=LOW pattern=HUB_AND_SPOKE sink=C1131768031 in 30ms
06:46:13.064  INFO  deepsentinel_showcase_100_LKR (1)-00000041   timing: OK     /api/v1/classify → temporal_risk_score=0.086174 in 61ms
06:46:13.065  INFO  deepsentinel_showcase_100_LKR (1)-00000041   fusion: VERDICT LOW fused=0.0000 (meta_classifier, 3/3)  contributions graph=-2.10 behavioural=-3.79 temporal=-4.31
06:46:15.208  INFO  deepsentinel_showcase_100_LKR (1)-00000047   ───── screening  TRANSFER 1771055.64 C1084917431 → C660984985
06:46:15.217  INFO  deepsentinel_showcase_100_LKR (1)-00000047   behaviour: OK     /api/v1/behavioral/classify → behavioral_risk_score=0.000032 in 7ms
06:46:15.240  INFO  deepsentinel_showcase_100_LKR (1)-00000047   graph: OK     score=0.183000 risk=MEDIUM pattern=HUB_AND_SPOKE sink=C660984985 in 32ms
06:46:15.272  INFO  deepsentinel_showcase_100_LKR (1)-00000047   timing: OK     /api/v1/classify → temporal_risk_score=0.167479 in 63ms
06:46:15.273  INFO  deepsentinel_showcase_100_LKR (1)-00000047   fusion: VERDICT LOW fused=0.0000 (meta_classifier, 3/3)  contributions graph=-0.82 behavioural=-3.79 temporal=-3.05
06:46:16.829  INFO  deepsentinel_showcase_100_LKR (1)-00000040   fusion: OK     email_delivery in 4.86s — delivered to 1 recipient(s)
06:46:18.141  INFO  deepsentinel_showcase_100_LKR (1)-00000049   ───── screening  TRANSFER 143077.71 C1151695848 → C631936189
06:46:18.152  INFO  deepsentinel_showcase_100_LKR (1)-00000049   behaviour: OK     /api/v1/behavioral/classify → behavioral_risk_score=0.000001 in 8ms
06:46:18.177  INFO  deepsentinel_showcase_100_LKR (1)-00000049   graph: OK     score=0.017200 risk=LOW pattern=ACCOUNT_TAKEOVER sink=C631936189 in 35ms
06:46:18.212  INFO  deepsentinel_showcase_100_LKR (1)-00000049   timing: OK     /api/v1/classify → temporal_risk_score=0.166140 in 69ms
06:46:18.213  INFO  deepsentinel_showcase_100_LKR (1)-00000049   fusion: VERDICT LOW fused=0.0000 (meta_classifier, 3/3)  contributions graph=-2.10 behavioural=-3.79 temporal=-3.07
06:46:19.973  INFO  deepsentinel_showcase_100_LKR (1)-00000048   ───── screening  CASH_OUT 1735525.5 C1181245591 → C1457459211
06:46:19.983  INFO  deepsentinel_showcase_100_LKR (1)-00000048   behaviour: OK     /api/v1/behavioral/classify → behavioral_risk_score=0.310365 in 7ms
06:46:20.004  INFO  deepsentinel_showcase_100_LKR (1)-00000048   graph: OK     score=0.285700 risk=HIGH pattern=ACCOUNT_TAKEOVER sink=C1457459211 in 30ms
06:46:20.034  INFO  deepsentinel_showcase_100_LKR (1)-00000048   timing: OK     /api/v1/classify → temporal_risk_score=0.214891 in 59ms
06:46:20.036  INFO  deepsentinel_showcase_100_LKR (1)-00000048   fusion: VERDICT LOW fused=0.0080 (meta_classifier, 3/3)  contributions graph=-0.03 behavioural=-0.07 temporal=-2.31
06:46:27.869  INFO  deepsentinel_showcase_100_LKR (1)-00000059   ───── screening  CASH_OUT 244580.6 C252570154 → C212872222
06:46:27.903  INFO  deepsentinel_showcase_100_LKR (1)-00000059   graph: OK     score=0.018300 risk=LOW pattern=ACCOUNT_TAKEOVER sink=C212872222 in 34ms
06:46:28.130  INFO  deepsentinel_showcase_100_LKR (1)-00000059   behaviour: OK     /api/v1/behavioral/classify → behavioral_risk_score=0.000002 in 260ms
06:46:28.175  INFO  deepsentinel_showcase_100_LKR (1)-00000059   timing: OK     /api/v1/classify → temporal_risk_score=0.211256 in 305ms
06:46:28.176  INFO  deepsentinel_showcase_100_LKR (1)-00000059   fusion: VERDICT LOW fused=0.0000 (meta_classifier, 3/3)  contributions graph=-2.10 behavioural=-3.79 temporal=-2.37
06:46:29.890  INFO  deepsentinel_showcase_100_LKR (1)-00000056   ───── screening  CASH_OUT 383496.37 C849148782 → C1450501634
06:46:29.899  INFO  deepsentinel_showcase_100_LKR (1)-00000056   behaviour: OK     /api/v1/behavioral/classify → behavioral_risk_score=0.000001 in 7ms
06:46:29.923  INFO  deepsentinel_showcase_100_LKR (1)-00000056   graph: OK     score=0.031300 risk=LOW pattern=ACCOUNT_TAKEOVER sink=C1450501634 in 33ms
06:46:29.959  INFO  deepsentinel_showcase_100_LKR (1)-00000056   timing: OK     /api/v1/classify → temporal_risk_score=0.214647 in 68ms
06:46:29.961  INFO  deepsentinel_showcase_100_LKR (1)-00000056   fusion: VERDICT LOW fused=0.0000 (meta_classifier, 3/3)  contributions graph=-1.99 behavioural=-3.79 temporal=-2.31
06:46:31.483  INFO  deepsentinel_showcase_100_LKR (1)-00000057   ───── screening  TRANSFER 1371322.0 C378242927 → C601312976
06:46:31.492  INFO  deepsentinel_showcase_100_LKR (1)-00000057   behaviour: OK     /api/v1/behavioral/classify → behavioral_risk_score=0.139494 in 8ms
06:46:31.516  INFO  deepsentinel_showcase_100_LKR (1)-00000057   graph: OK     score=0.250000 risk=HIGH pattern=ACCOUNT_TAKEOVER sink=C601312976 in 33ms
06:46:31.558  INFO  deepsentinel_showcase_100_LKR (1)-00000057   timing: OK     /api/v1/classify → temporal_risk_score=0.911388 in 74ms
06:46:31.559  INFO  deepsentinel_showcase_100_LKR (1)-00000057   fusion: VERDICT CRITICAL fused=0.9757 (meta_classifier, 3/3, driver=temporal)  contributions graph=-0.30 behavioural=-2.12 temporal=+8.52
06:46:34.400  INFO  deepsentinel_showcase_100_LKR (1)-00000058   ───── screening  CASH_OUT 66482.48 C672477365 → C715490116
06:46:34.408  INFO  deepsentinel_showcase_100_LKR (1)-00000058   behaviour: OK     /api/v1/behavioral/classify → behavioral_risk_score=0.000000 in 7ms
06:46:34.430  INFO  deepsentinel_showcase_100_LKR (1)-00000057   fusion: START  email_delivery
06:46:34.449  INFO  deepsentinel_showcase_100_LKR (1)-00000058   graph: OK     score=0.017100 risk=LOW pattern=ACCOUNT_TAKEOVER sink=C715490116 in 48ms
06:46:34.469  INFO  deepsentinel_showcase_100_LKR (1)-00000058   timing: OK     /api/v1/classify → temporal_risk_score=0.376864 in 68ms
06:46:34.469  INFO  deepsentinel_showcase_100_LKR (1)-00000058   fusion: VERDICT LOW fused=0.0003 (meta_classifier, 3/3, driver=temporal)  contributions graph=-2.10 behavioural=-3.79 temporal=+0.21
06:46:37.042  INFO  deepsentinel_showcase_100_LKR (1)-00000068   ───── screening  CASH_OUT 178466.54 C1558634087 → C1880568765
06:46:37.050  INFO  deepsentinel_showcase_100_LKR (1)-00000068   behaviour: OK     /api/v1/behavioral/classify → behavioral_risk_score=0.000000 in 7ms
06:46:37.072  INFO  deepsentinel_showcase_100_LKR (1)-00000068   graph: OK     score=0.017200 risk=LOW pattern=ACCOUNT_TAKEOVER sink=C1880568765 in 30ms
06:46:37.258  INFO  deepsentinel_showcase_100_LKR (1)-00000068   timing: OK     /api/v1/classify → temporal_risk_score=0.296410 in 215ms
06:46:37.260  INFO  deepsentinel_showcase_100_LKR (1)-00000068   fusion: VERDICT LOW fused=0.0001 (meta_classifier, 3/3)  contributions graph=-2.10 behavioural=-3.79 temporal=-1.04
06:46:38.814  INFO  deepsentinel_showcase_100_LKR (1)-00000067   ───── screening  CASH_OUT 141100.16 C1950680999 → C358538252
06:46:38.823  INFO  deepsentinel_showcase_100_LKR (1)-00000067   behaviour: OK     /api/v1/behavioral/classify → behavioral_risk_score=0.000000 in 6ms
06:46:38.847  INFO  deepsentinel_showcase_100_LKR (1)-00000067   graph: OK     score=0.017100 risk=LOW pattern=ACCOUNT_TAKEOVER sink=C358538252 in 32ms
06:46:38.880  INFO  deepsentinel_showcase_100_LKR (1)-00000067   timing: OK     /api/v1/classify → temporal_risk_score=0.270061 in 64ms
06:46:38.881  INFO  deepsentinel_showcase_100_LKR (1)-00000067   fusion: VERDICT LOW fused=0.0001 (meta_classifier, 3/3)  contributions graph=-2.10 behavioural=-3.79 temporal=-1.45
06:46:39.036  INFO  deepsentinel_showcase_100_LKR (1)-00000057   fusion: OK     email_delivery in 4.61s — delivered to 1 recipient(s)
06:46:40.997  INFO  deepsentinel_showcase_100_LKR (1)-00000069   ───── screening  TRANSFER 549845.97 C962878329 → C374945137
06:46:41.006  INFO  deepsentinel_showcase_100_LKR (1)-00000069   behaviour: OK     /api/v1/behavioral/classify → behavioral_risk_score=0.000001 in 7ms
06:46:41.028  INFO  deepsentinel_showcase_100_LKR (1)-00000069   graph: OK     score=0.107800 risk=MEDIUM pattern=HUB_AND_SPOKE sink=C374945137 in 31ms
06:46:41.064  INFO  deepsentinel_showcase_100_LKR (1)-00000069   timing: OK     /api/v1/classify → temporal_risk_score=0.410243 in 66ms
06:46:41.065  INFO  deepsentinel_showcase_100_LKR (1)-00000069   fusion: VERDICT LOW fused=0.0010 (meta_classifier, 3/3, driver=temporal)  contributions graph=-1.40 behavioural=-3.79 temporal=+0.73
06:46:44.454  INFO  deepsentinel_showcase_100_LKR (1)-00000071   ───── screening  CASH_OUT 252137.64 C677040494 → C1587003840
06:46:44.463  INFO  deepsentinel_showcase_100_LKR (1)-00000071   behaviour: OK     /api/v1/behavioral/classify → behavioral_risk_score=0.000001 in 7ms
06:46:44.488  INFO  deepsentinel_showcase_100_LKR (1)-00000071   graph: OK     score=0.017100 risk=LOW pattern=HUB_AND_SPOKE sink=C1587003840 in 33ms
06:46:44.516  INFO  deepsentinel_showcase_100_LKR (1)-00000071   timing: OK     /api/v1/classify → temporal_risk_score=0.169593 in 60ms
06:46:44.516  INFO  deepsentinel_showcase_100_LKR (1)-00000071   fusion: VERDICT LOW fused=0.0000 (meta_classifier, 3/3)  contributions graph=-2.10 behavioural=-3.79 temporal=-3.01
06:46:46.358  INFO  deepsentinel_showcase_100_LKR (1)-00000070   ───── screening  CASH_OUT 184079.49 C1380729735 → C134792067
06:46:46.372  INFO  deepsentinel_showcase_100_LKR (1)-00000070   behaviour: OK     /api/v1/behavioral/classify → behavioral_risk_score=0.000002 in 12ms
06:46:46.389  INFO  deepsentinel_showcase_100_LKR (1)-00000070   graph: OK     score=0.018300 risk=LOW pattern=HUB_AND_SPOKE sink=C134792067 in 31ms
06:46:46.418  INFO  deepsentinel_showcase_100_LKR (1)-00000070   timing: OK     /api/v1/classify → temporal_risk_score=0.163483 in 59ms
06:46:46.419  INFO  deepsentinel_showcase_100_LKR (1)-00000070   fusion: VERDICT LOW fused=0.0000 (meta_classifier, 3/3)  contributions graph=-2.10 behavioural=-3.79 temporal=-3.11
06:46:48.479  INFO  deepsentinel_showcase_100_LKR (1)-00000079   ───── screening  CASH_OUT 25922.37 C855617069 → C1585851601
06:46:48.490  INFO  deepsentinel_showcase_100_LKR (1)-00000079   behaviour: OK     /api/v1/behavioral/classify → behavioral_risk_score=0.000002 in 8ms
06:46:48.514  INFO  deepsentinel_showcase_100_LKR (1)-00000079   graph: OK     score=0.030500 risk=LOW pattern=ACCOUNT_TAKEOVER sink=C1585851601 in 34ms
06:46:48.564  INFO  deepsentinel_showcase_100_LKR (1)-00000079   timing: OK     /api/v1/classify → temporal_risk_score=0.216293 in 83ms
06:46:48.565  INFO  deepsentinel_showcase_100_LKR (1)-00000079   fusion: VERDICT LOW fused=0.0000 (meta_classifier, 3/3)  contributions graph=-2.00 behavioural=-3.79 temporal=-2.29
06:46:50.080  INFO  deepsentinel_showcase_100_LKR (1)-00000072   ───── screening  CASH_OUT 252516.99 C1474155846 → C2104221637
06:46:50.089  INFO  deepsentinel_showcase_100_LKR (1)-00000072   behaviour: OK     /api/v1/behavioral/classify → behavioral_risk_score=0.000001 in 7ms
06:46:50.110  INFO  deepsentinel_showcase_100_LKR (1)-00000072   graph: OK     score=0.017200 risk=LOW pattern=ACCOUNT_TAKEOVER sink=C2104221637 in 30ms
06:46:50.146  INFO  deepsentinel_showcase_100_LKR (1)-00000072   timing: OK     /api/v1/classify → temporal_risk_score=0.166298 in 65ms
06:46:50.148  INFO  deepsentinel_showcase_100_LKR (1)-00000072   fusion: VERDICT LOW fused=0.0000 (meta_classifier, 3/3)  contributions graph=-2.10 behavioural=-3.79 temporal=-3.07
06:46:51.810  INFO  deepsentinel_showcase_100_LKR (1)-00000077   ───── screening  CASH_OUT 45467.16 C1967668092 → C1947366750
06:46:52.018  INFO  deepsentinel_showcase_100_LKR (1)-00000077   behaviour: OK     /api/v1/behavioral/classify → behavioral_risk_score=0.000002 in 204ms
06:46:52.020  INFO  deepsentinel_showcase_100_LKR (1)-00000077   graph: OK     score=0.017100 risk=LOW pattern=HUB_AND_SPOKE sink=C1947366750 in 209ms
06:46:52.020  INFO  deepsentinel_showcase_100_LKR (1)-00000077   timing: OK     /api/v1/classify → temporal_risk_score=0.154021 in 209ms
06:46:52.022  INFO  deepsentinel_showcase_100_LKR (1)-00000077   fusion: VERDICT LOW fused=0.0000 (meta_classifier, 3/3)  contributions graph=-2.10 behavioural=-3.79 temporal=-3.26
06:46:53.667  INFO  deepsentinel_showcase_100_LKR (1)-00000076   ───── screening  CASH_OUT 175182.46 C1706651127 → C1027874243
06:46:53.676  INFO  deepsentinel_showcase_100_LKR (1)-00000076   behaviour: OK     /api/v1/behavioral/classify → behavioral_risk_score=0.000002 in 7ms
06:46:53.701  INFO  deepsentinel_showcase_100_LKR (1)-00000076   graph: OK     score=0.017100 risk=LOW pattern=HUB_AND_SPOKE sink=C1027874243 in 33ms
06:46:53.734  INFO  deepsentinel_showcase_100_LKR (1)-00000076   timing: OK     /api/v1/classify → temporal_risk_score=0.161338 in 66ms
06:46:53.736  INFO  deepsentinel_showcase_100_LKR (1)-00000076   fusion: VERDICT LOW fused=0.0000 (meta_classifier, 3/3)  contributions graph=-2.10 behavioural=-3.79 temporal=-3.14
06:46:55.510  INFO  deepsentinel_showcase_100_LKR (1)-00000075   ───── screening  CASH_OUT 437988.22 C1888235473 → C1628591097
06:46:55.520  INFO  deepsentinel_showcase_100_LKR (1)-00000075   behaviour: OK     /api/v1/behavioral/classify → behavioral_risk_score=0.018945 in 7ms
06:46:55.543  INFO  deepsentinel_showcase_100_LKR (1)-00000075   graph: OK     score=0.030500 risk=LOW pattern=ACCOUNT_TAKEOVER sink=C1628591097 in 32ms
06:46:55.573  INFO  deepsentinel_showcase_100_LKR (1)-00000075   timing: OK     /api/v1/classify → temporal_risk_score=0.148930 in 62ms
06:46:55.574  INFO  deepsentinel_showcase_100_LKR (1)-00000075   fusion: VERDICT LOW fused=0.0000 (meta_classifier, 3/3)  contributions graph=-2.00 behavioural=-3.56 temporal=-3.34
06:46:57.077  INFO  deepsentinel_showcase_100_LKR (1)-00000073   ───── screening  CASH_OUT 209947.99 C691480494 → C1283983266
06:46:57.086  INFO  deepsentinel_showcase_100_LKR (1)-00000073   behaviour: OK     /api/v1/behavioral/classify → behavioral_risk_score=0.000001 in 7ms
06:46:57.108  INFO  deepsentinel_showcase_100_LKR (1)-00000073   graph: OK     score=0.017200 risk=LOW pattern=ACCOUNT_TAKEOVER sink=C1283983266 in 31ms
06:46:57.295  INFO  deepsentinel_showcase_100_LKR (1)-00000073   timing: OK     /api/v1/classify → temporal_risk_score=0.182771 in 217ms
06:46:57.300  INFO  deepsentinel_showcase_100_LKR (1)-00000073   fusion: VERDICT LOW fused=0.0000 (meta_classifier, 3/3)  contributions graph=-2.10 behavioural=-3.79 temporal=-2.81
06:46:58.808  INFO  deepsentinel_showcase_100_LKR (1)-00000078   ───── screening  CASH_OUT 184990.19 C1458904642 → C557503188
06:46:58.818  INFO  deepsentinel_showcase_100_LKR (1)-00000078   behaviour: OK     /api/v1/behavioral/classify → behavioral_risk_score=0.000002 in 8ms
06:46:58.843  INFO  deepsentinel_showcase_100_LKR (1)-00000078   graph: OK     score=0.017100 risk=LOW pattern=HUB_AND_SPOKE sink=C557503188 in 36ms
06:46:58.871  INFO  deepsentinel_showcase_100_LKR (1)-00000078   timing: OK     /api/v1/classify → temporal_risk_score=0.174863 in 62ms
06:46:58.872  INFO  deepsentinel_showcase_100_LKR (1)-00000078   fusion: VERDICT LOW fused=0.0000 (meta_classifier, 3/3)  contributions graph=-2.10 behavioural=-3.79 temporal=-2.93
06:47:00.672  INFO  deepsentinel_showcase_100_LKR (1)-00000074   ───── screening  CASH_OUT 279904.24 C1906513343 → C149346978
06:47:00.684  INFO  deepsentinel_showcase_100_LKR (1)-00000074   behaviour: OK     /api/v1/behavioral/classify → behavioral_risk_score=0.000001 in 9ms
06:47:00.706  INFO  deepsentinel_showcase_100_LKR (1)-00000074   graph: OK     score=0.031300 risk=LOW pattern=ACCOUNT_TAKEOVER sink=C149346978 in 33ms
06:47:00.740  INFO  deepsentinel_showcase_100_LKR (1)-00000074   timing: OK     /api/v1/classify → temporal_risk_score=0.156831 in 66ms
06:47:00.741  INFO  deepsentinel_showcase_100_LKR (1)-00000074   fusion: VERDICT LOW fused=0.0000 (meta_classifier, 3/3)  contributions graph=-1.99 behavioural=-3.79 temporal=-3.21
06:47:03.178  INFO  deepsentinel_showcase_100_LKR (1)-00000092   ───── screening  CASH_OUT 57543.34 C308228373 → C610717957
06:47:03.188  INFO  deepsentinel_showcase_100_LKR (1)-00000092   behaviour: OK     /api/v1/behavioral/classify → behavioral_risk_score=0.018945 in 8ms
06:47:03.212  INFO  deepsentinel_showcase_100_LKR (1)-00000092   graph: OK     score=0.017100 risk=LOW pattern=ACCOUNT_TAKEOVER sink=C610717957 in 33ms
06:47:03.243  INFO  deepsentinel_showcase_100_LKR (1)-00000092   timing: OK     /api/v1/classify → temporal_risk_score=0.291604 in 63ms
06:47:03.245  INFO  deepsentinel_showcase_100_LKR (1)-00000092   fusion: VERDICT LOW fused=0.0001 (meta_classifier, 3/3)  contributions graph=-2.10 behavioural=-3.56 temporal=-1.12
06:47:04.750  INFO  deepsentinel_showcase_100_LKR (1)-00000087   ───── screening  TRANSFER 311832.17 C65054182 → C833307608
06:47:04.759  INFO  deepsentinel_showcase_100_LKR (1)-00000087   behaviour: OK     /api/v1/behavioral/classify → behavioral_risk_score=0.099339 in 7ms
06:47:04.783  INFO  deepsentinel_showcase_100_LKR (1)-00000087   graph: OK     score=0.031300 risk=LOW pattern=ACCOUNT_TAKEOVER sink=C833307608 in 32ms
06:47:04.813  INFO  deepsentinel_showcase_100_LKR (1)-00000087   timing: OK     /api/v1/classify → temporal_risk_score=0.890538 in 61ms
06:47:04.814  INFO  deepsentinel_showcase_100_LKR (1)-00000087   fusion: VERDICT HIGH fused=0.7679 (meta_classifier, 3/3, driver=temporal)  contributions graph=-1.99 behavioural=-2.60 temporal=+8.20
06:47:07.388  INFO  deepsentinel_showcase_100_LKR (1)-00000087   fusion: START  email_delivery
06:47:07.514  INFO  deepsentinel_showcase_100_LKR (1)-00000086   ───── screening  CASH_OUT 302227.56 C1814350435 → C51409599
06:47:07.524  INFO  deepsentinel_showcase_100_LKR (1)-00000086   behaviour: OK     /api/v1/behavioral/classify → behavioral_risk_score=0.042818 in 8ms
06:47:07.547  INFO  deepsentinel_showcase_100_LKR (1)-00000086   graph: OK     score=0.017100 risk=LOW pattern=HUB_AND_SPOKE sink=C51409599 in 33ms
06:47:07.581  INFO  deepsentinel_showcase_100_LKR (1)-00000086   timing: OK     /api/v1/classify → temporal_risk_score=0.407434 in 65ms
06:47:07.582  INFO  deepsentinel_showcase_100_LKR (1)-00000086   fusion: VERDICT LOW fused=0.0008 (meta_classifier, 3/3, driver=temporal)  contributions graph=-2.10 behavioural=-3.27 temporal=+0.68
06:47:09.208  INFO  deepsentinel_showcase_100_LKR (1)-00000085   ───── screening  TRANSFER 10000000.0 C507645439 → C270374999
06:47:09.216  INFO  deepsentinel_showcase_100_LKR (1)-00000085   behaviour: OK     /api/v1/behavioral/classify → behavioral_risk_score=1.000000 in 7ms
06:47:09.239  INFO  deepsentinel_showcase_100_LKR (1)-00000085   graph: OK     score=0.985100 risk=CRITICAL pattern=ACCOUNT_TAKEOVER sink=C270374999 in 31ms
06:47:09.270  INFO  deepsentinel_showcase_100_LKR (1)-00000085   timing: OK     /api/v1/classify → temporal_risk_score=0.834165 in 62ms
06:47:09.271  INFO  deepsentinel_showcase_100_LKR (1)-00000085   fusion: VERDICT CRITICAL fused=1.0000 (meta_classifier, 3/3, driver=behavioural)  contributions graph=+5.38 behavioural=+8.19 temporal=+7.32
06:47:12.081  INFO  deepsentinel_showcase_100_LKR (1)-00000093   ───── screening  TRANSFER 1810044.85 C1987403065 → C846200321
06:47:12.093  INFO  deepsentinel_showcase_100_LKR (1)-00000093   behaviour: OK     /api/v1/behavioral/classify → behavioral_risk_score=0.139494 in 7ms
06:47:12.118  INFO  deepsentinel_showcase_100_LKR (1)-00000093   graph: OK     score=0.285700 risk=HIGH pattern=ACCOUNT_TAKEOVER sink=C846200321 in 34ms
06:47:12.126  INFO  deepsentinel_showcase_100_LKR (1)-00000087   fusion: OK     email_delivery in 4.74s — delivered to 1 recipient(s)
06:47:12.155  INFO  deepsentinel_showcase_100_LKR (1)-00000093   timing: OK     /api/v1/classify → temporal_risk_score=0.942424 in 71ms
06:47:12.156  INFO  deepsentinel_showcase_100_LKR (1)-00000093   fusion: VERDICT CRITICAL fused=0.9885 (meta_classifier, 3/3, driver=temporal)  contributions graph=-0.03 behavioural=-2.12 temporal=+9.00
06:47:12.196  INFO  deepsentinel_showcase_100_LKR (1)-00000085   fusion: START  email_delivery
06:47:14.641  INFO  deepsentinel_showcase_100_LKR (1)-00000093   fusion: START  email_delivery
06:47:14.745  INFO  deepsentinel_showcase_100_LKR (1)-00000089   ───── screening  CASH_OUT 249365.63 C1261928380 → C1342636720
06:47:14.753  INFO  deepsentinel_showcase_100_LKR (1)-00000089   behaviour: OK     /api/v1/behavioral/classify → behavioral_risk_score=0.028522 in 7ms
06:47:14.780  INFO  deepsentinel_showcase_100_LKR (1)-00000089   graph: OK     score=0.030500 risk=LOW pattern=ACCOUNT_TAKEOVER sink=C1342636720 in 35ms
06:47:14.817  INFO  deepsentinel_showcase_100_LKR (1)-00000089   timing: OK     /api/v1/classify → temporal_risk_score=0.298702 in 72ms
06:47:14.818  INFO  deepsentinel_showcase_100_LKR (1)-00000089   fusion: VERDICT LOW fused=0.0001 (meta_classifier, 3/3)  contributions graph=-2.00 behavioural=-3.44 temporal=-1.01
06:47:16.199  INFO  deepsentinel_showcase_100_LKR (1)-00000085   fusion: OK     email_delivery in 4.00s — delivered to 1 recipient(s)
06:47:16.521  INFO  deepsentinel_showcase_100_LKR (1)-00000091   ───── screening  TRANSFER 438859.1 C482285608 → C1495765075
06:47:16.713  INFO  deepsentinel_showcase_100_LKR (1)-00000091   behaviour: OK     /api/v1/behavioral/classify → behavioral_risk_score=0.099339 in 191ms
06:47:16.715  INFO  deepsentinel_showcase_100_LKR (1)-00000091   graph: OK     score=0.063200 risk=LOW pattern=ACCOUNT_TAKEOVER sink=C1495765075 in 194ms
06:47:16.716  INFO  deepsentinel_showcase_100_LKR (1)-00000091   timing: OK     /api/v1/classify → temporal_risk_score=0.865511 in 194ms
06:47:16.717  INFO  deepsentinel_showcase_100_LKR (1)-00000091   fusion: VERDICT HIGH fused=0.7416 (meta_classifier, 3/3, driver=temporal)  contributions graph=-1.75 behavioural=-2.60 temporal=+7.81
06:47:18.734  INFO  deepsentinel_showcase_100_LKR (1)-00000093   fusion: OK     email_delivery in 4.09s — delivered to 1 recipient(s)
06:47:23.261  INFO  deepsentinel_showcase_100_LKR (1)-00000091   fusion: START  email_delivery
06:47:23.304  INFO  deepsentinel_showcase_100_LKR (1)-00000090   ───── screening  CASH_OUT 311832.17 C269908889 → C1665325568
06:47:23.339  INFO  deepsentinel_showcase_100_LKR (1)-00000090   graph: OK     score=0.031300 risk=LOW pattern=ACCOUNT_TAKEOVER sink=C1665325568 in 34ms
06:47:23.569  INFO  deepsentinel_showcase_100_LKR (1)-00000090   behaviour: OK     /api/v1/behavioral/classify → behavioral_risk_score=0.028522 in 263ms
06:47:23.613  INFO  deepsentinel_showcase_100_LKR (1)-00000090   timing: OK     /api/v1/classify → temporal_risk_score=0.329243 in 308ms
06:47:23.615  INFO  deepsentinel_showcase_100_LKR (1)-00000090   fusion: VERDICT LOW fused=0.0002 (meta_classifier, 3/3)  contributions graph=-1.99 behavioural=-3.44 temporal=-0.53
06:47:25.289  INFO  deepsentinel_showcase_100_LKR (1)-00000088   ───── screening  TRANSFER 59677.48 C1489751550 → C934061897
06:47:25.298  INFO  deepsentinel_showcase_100_LKR (1)-00000088   behaviour: OK     /api/v1/behavioral/classify → behavioral_risk_score=0.139494 in 7ms
06:47:25.322  INFO  deepsentinel_showcase_100_LKR (1)-00000088   graph: OK     score=0.017100 risk=LOW pattern=ACCOUNT_TAKEOVER sink=C934061897 in 32ms
06:47:25.351  INFO  deepsentinel_showcase_100_LKR (1)-00000088   timing: OK     /api/v1/classify → temporal_risk_score=0.843511 in 60ms
06:47:25.352  INFO  deepsentinel_showcase_100_LKR (1)-00000088   fusion: VERDICT HIGH fused=0.6977 (meta_classifier, 3/3, driver=temporal)  contributions graph=-2.10 behavioural=-2.12 temporal=+7.46
06:47:27.118  INFO  deepsentinel_showcase_100_LKR (1)-00000091   fusion: OK     email_delivery in 3.86s — delivered to 1 recipient(s)
06:47:27.729  INFO  deepsentinel_showcase_100_LKR (1)-00000088   fusion: START  email_delivery
06:47:28.338  INFO  deepsentinel_showcase_100_LKR (1)-00000098   ───── screening  CASH_OUT 48442.88 C1706094385 → C2109905271
06:47:28.348  INFO  deepsentinel_showcase_100_LKR (1)-00000098   behaviour: OK     /api/v1/behavioral/classify → behavioral_risk_score=0.042818 in 8ms
06:47:28.371  INFO  deepsentinel_showcase_100_LKR (1)-00000098   graph: OK     score=0.031300 risk=LOW pattern=ACCOUNT_TAKEOVER sink=C2109905271 in 33ms
06:47:28.403  INFO  deepsentinel_showcase_100_LKR (1)-00000098   timing: OK     /api/v1/classify → temporal_risk_score=0.490415 in 63ms
06:47:28.404  INFO  deepsentinel_showcase_100_LKR (1)-00000098   fusion: VERDICT LOW fused=0.0033 (meta_classifier, 3/3, driver=temporal)  contributions graph=-1.99 behavioural=-3.27 temporal=+1.97
06:47:29.912  INFO  deepsentinel_showcase_100_LKR (1)-00000094   ───── screening  CASH_OUT 274799.58 C1263652542 → C1406817938
06:47:29.927  INFO  deepsentinel_showcase_100_LKR (1)-00000094   behaviour: OK     /api/v1/behavioral/classify → behavioral_risk_score=0.018945 in 8ms
06:47:29.951  INFO  deepsentinel_showcase_100_LKR (1)-00000094   graph: OK     score=0.031300 risk=LOW pattern=ACCOUNT_TAKEOVER sink=C1406817938 in 38ms
06:47:29.983  INFO  deepsentinel_showcase_100_LKR (1)-00000094   timing: OK     /api/v1/classify → temporal_risk_score=0.270962 in 70ms
06:47:29.983  INFO  deepsentinel_showcase_100_LKR (1)-00000094   fusion: VERDICT LOW fused=0.0001 (meta_classifier, 3/3)  contributions graph=-1.99 behavioural=-3.56 temporal=-1.44
06:47:31.565  INFO  deepsentinel_showcase_100_LKR (1)-00000095   ───── screening  TRANSFER 946705.53 C1524194171 → C357888969
06:47:31.573  INFO  deepsentinel_showcase_100_LKR (1)-00000095   behaviour: OK     /api/v1/behavioral/classify → behavioral_risk_score=0.139494 in 7ms
06:47:31.596  INFO  deepsentinel_showcase_100_LKR (1)-00000095   graph: OK     score=0.183000 risk=MEDIUM pattern=ACCOUNT_TAKEOVER sink=C357888969 in 31ms
06:47:31.631  INFO  deepsentinel_showcase_100_LKR (1)-00000095   timing: OK     /api/v1/classify → temporal_risk_score=0.860715 in 66ms
06:47:31.633  INFO  deepsentinel_showcase_100_LKR (1)-00000095   fusion: VERDICT CRITICAL fused=0.9159 (meta_classifier, 3/3, driver=temporal)  contributions graph=-0.82 behavioural=-2.12 temporal=+7.73
06:47:32.263  INFO  deepsentinel_showcase_100_LKR (1)-00000088   fusion: OK     email_delivery in 4.53s — delivered to 1 recipient(s)
06:47:38.748  INFO  deepsentinel_showcase_100_LKR (1)-00000095   fusion: START  email_delivery
06:47:38.805  INFO  deepsentinel_showcase_100_LKR (1)-00000099   ───── screening  CASH_OUT 303846.74 C1148860488 → C846260566
06:47:38.839  INFO  deepsentinel_showcase_100_LKR (1)-00000099   graph: OK     score=0.030500 risk=LOW pattern=ACCOUNT_TAKEOVER sink=C846260566 in 34ms
06:47:39.071  INFO  deepsentinel_showcase_100_LKR (1)-00000099   behaviour: OK     /api/v1/behavioral/classify → behavioral_risk_score=0.059890 in 265ms
06:47:39.117  INFO  deepsentinel_showcase_100_LKR (1)-00000099   timing: OK     /api/v1/classify → temporal_risk_score=0.402349 in 311ms
06:47:39.119  INFO  deepsentinel_showcase_100_LKR (1)-00000099   fusion: VERDICT LOW fused=0.0010 (meta_classifier, 3/3, driver=temporal)  contributions graph=-2.00 behavioural=-3.07 temporal=+0.60
06:47:40.735  INFO  deepsentinel_showcase_100_LKR (1)-00000097   ───── screening  CASH_OUT 383661.1 C369315575 → C2069429837
06:47:40.744  INFO  deepsentinel_showcase_100_LKR (1)-00000097   behaviour: OK     /api/v1/behavioral/classify → behavioral_risk_score=0.042818 in 7ms
06:47:40.766  INFO  deepsentinel_showcase_100_LKR (1)-00000097   graph: OK     score=0.107800 risk=MEDIUM pattern=ACCOUNT_TAKEOVER sink=C2069429837 in 31ms
06:47:40.794  INFO  deepsentinel_showcase_100_LKR (1)-00000097   timing: OK     /api/v1/classify → temporal_risk_score=0.326280 in 57ms
06:47:40.795  INFO  deepsentinel_showcase_100_LKR (1)-00000097   fusion: VERDICT LOW fused=0.0005 (meta_classifier, 3/3)  contributions graph=-1.40 behavioural=-3.27 temporal=-0.58
06:47:43.654  INFO  deepsentinel_showcase_100_LKR (1)-00000095   fusion: OK     email_delivery in 4.91s — delivered to 1 recipient(s)
06:47:43.743  INFO  deepsentinel_showcase_100_LKR (1)-00000096   ───── screening  CASH_OUT 1281113.84 C1346995049 → C1049862186
06:47:43.753  INFO  deepsentinel_showcase_100_LKR (1)-00000096   behaviour: OK     /api/v1/behavioral/classify → behavioral_risk_score=0.310365 in 7ms
06:47:43.777  INFO  deepsentinel_showcase_100_LKR (1)-00000096   graph: OK     score=0.243900 risk=HIGH pattern=ACCOUNT_TAKEOVER sink=C1049862186 in 33ms
06:47:43.816  INFO  deepsentinel_showcase_100_LKR (1)-00000096   timing: OK     /api/v1/classify → temporal_risk_score=0.333386 in 71ms
06:47:43.818  INFO  deepsentinel_showcase_100_LKR (1)-00000096   fusion: VERDICT LOW fused=0.0357 (meta_classifier, 3/3)  contributions graph=-0.35 behavioural=-0.07 temporal=-0.47
09:21:16.081  INFO  deepsentinel_test_window_50-00000001         ───── screening  CASH_OUT 19531.58 C245696158 → C1430807750
09:21:16.156  INFO  deepsentinel_test_window_50-00000001         graph: OK     score=0.017100 risk=LOW pattern=HUB_AND_SPOKE sink=C1430807750 in 75ms
09:21:16.354  INFO  deepsentinel_test_window_50-00000001         behaviour: OK     /api/v1/behavioral/classify → behavioral_risk_score=0.000002 in 269ms
09:21:16.426  INFO  deepsentinel_test_window_50-00000001         timing: OK     /api/v1/classify → temporal_risk_score=0.274307 in 343ms
09:21:16.427  INFO  deepsentinel_test_window_50-00000001         fusion: VERDICT LOW fused=0.0001 (meta_classifier, 3/3)  contributions graph=-2.10 behavioural=-3.79 temporal=-1.39
09:21:18.794  INFO  deepsentinel_test_window_50-00000002         ───── screening  TRANSFER 288701.92 C1518163877 → C1566908106
09:21:18.805  INFO  deepsentinel_test_window_50-00000002         behaviour: OK     /api/v1/behavioral/classify → behavioral_risk_score=0.000001 in 9ms
09:21:18.833  INFO  deepsentinel_test_window_50-00000002         graph: OK     score=0.031300 risk=LOW pattern=ACCOUNT_TAKEOVER sink=C1566908106 in 39ms
09:21:18.869  INFO  deepsentinel_test_window_50-00000002         timing: OK     /api/v1/classify → temporal_risk_score=0.202180 in 74ms
09:21:18.870  INFO  deepsentinel_test_window_50-00000002         fusion: VERDICT LOW fused=0.0000 (meta_classifier, 3/3)  contributions graph=-1.99 behavioural=-3.79 temporal=-2.51
09:21:22.444  INFO  deepsentinel_test_window_50-00000005         ───── screening  CASH_OUT 168102.79 C2059714053 → C1657955938
09:21:22.459  INFO  deepsentinel_test_window_50-00000005         behaviour: OK     /api/v1/behavioral/classify → behavioral_risk_score=0.000001 in 12ms
09:21:22.494  INFO  deepsentinel_test_window_50-00000005         graph: OK     score=0.017200 risk=LOW pattern=ACCOUNT_TAKEOVER sink=C1657955938 in 49ms
09:21:22.551  INFO  deepsentinel_test_window_50-00000005         timing: OK     /api/v1/classify → temporal_risk_score=0.360192 in 105ms
09:21:22.553  INFO  deepsentinel_test_window_50-00000005         fusion: VERDICT LOW fused=0.0002 (meta_classifier, 3/3)  contributions graph=-2.10 behavioural=-3.79 temporal=-0.05
09:21:24.428  INFO  deepsentinel_test_window_50-00000006         ───── screening  CASH_OUT 196690.09 C1163502741 → C2098269276
09:21:24.438  INFO  deepsentinel_test_window_50-00000006         behaviour: OK     /api/v1/behavioral/classify → behavioral_risk_score=0.000001 in 8ms
09:21:24.487  INFO  deepsentinel_test_window_50-00000006         graph: OK     score=0.017100 risk=LOW pattern=HUB_AND_SPOKE sink=C2098269276 in 58ms
09:21:24.528  INFO  deepsentinel_test_window_50-00000006         timing: OK     /api/v1/classify → temporal_risk_score=0.175106 in 98ms
09:21:24.529  INFO  deepsentinel_test_window_50-00000006         fusion: VERDICT LOW fused=0.0000 (meta_classifier, 3/3)  contributions graph=-2.10 behavioural=-3.79 temporal=-2.93
09:21:26.263  INFO  deepsentinel_test_window_50-00000007         ───── screening  CASH_OUT 228169.59 C70205288 → C9837383
09:21:26.277  INFO  deepsentinel_test_window_50-00000007         behaviour: OK     /api/v1/behavioral/classify → behavioral_risk_score=0.018945 in 11ms
09:21:26.307  INFO  deepsentinel_test_window_50-00000007         graph: OK     score=0.017200 risk=LOW pattern=HUB_AND_SPOKE sink=C9837383 in 42ms
09:21:26.335  INFO  deepsentinel_test_window_50-00000007         timing: OK     /api/v1/classify → temporal_risk_score=0.200585 in 70ms
09:21:26.336  INFO  deepsentinel_test_window_50-00000007         fusion: VERDICT LOW fused=0.0000 (meta_classifier, 3/3)  contributions graph=-2.10 behavioural=-3.56 temporal=-2.53
09:21:28.745  INFO  deepsentinel_test_window_50-00000011         ───── screening  CASH_OUT 243459.96 C1148037845 → C387251817
09:21:28.755  INFO  deepsentinel_test_window_50-00000011         behaviour: OK     /api/v1/behavioral/classify → behavioral_risk_score=0.018945 in 9ms
09:21:28.792  INFO  deepsentinel_test_window_50-00000011         graph: OK     score=0.014600 risk=LOW pattern=HUB_AND_SPOKE sink=C387251817 in 46ms
09:21:28.830  INFO  deepsentinel_test_window_50-00000011         timing: OK     /api/v1/classify → temporal_risk_score=0.194424 in 84ms
09:21:28.831  INFO  deepsentinel_test_window_50-00000011         fusion: VERDICT LOW fused=0.0000 (meta_classifier, 3/3)  contributions graph=-2.12 behavioural=-3.56 temporal=-2.63
09:21:31.646  INFO  deepsentinel_test_window_50-00000012         ───── screening  TRANSFER 78691.82 C902400327 → C1851882105
09:21:31.658  INFO  deepsentinel_test_window_50-00000012         behaviour: OK     /api/v1/behavioral/classify → behavioral_risk_score=0.000032 in 9ms
09:21:31.687  INFO  deepsentinel_test_window_50-00000012         graph: OK     score=0.017100 risk=LOW pattern=ACCOUNT_TAKEOVER sink=C1851882105 in 41ms
09:21:31.729  INFO  deepsentinel_test_window_50-00000012         timing: OK     /api/v1/classify → temporal_risk_score=0.265819 in 80ms
09:21:31.730  INFO  deepsentinel_test_window_50-00000012         fusion: VERDICT LOW fused=0.0001 (meta_classifier, 3/3)  contributions graph=-2.10 behavioural=-3.79 temporal=-1.52
09:21:33.569  INFO  deepsentinel_test_window_50-00000013         ───── screening  CASH_OUT 322668.83 C531371845 → C706515095
09:21:33.587  INFO  deepsentinel_test_window_50-00000013         behaviour: OK     /api/v1/behavioral/classify → behavioral_risk_score=0.000000 in 15ms
09:21:33.619  INFO  deepsentinel_test_window_50-00000013         graph: OK     score=0.031300 risk=LOW pattern=ACCOUNT_TAKEOVER sink=C706515095 in 50ms
09:21:33.670  INFO  deepsentinel_test_window_50-00000013         timing: OK     /api/v1/classify → temporal_risk_score=0.204007 in 100ms
09:21:33.672  INFO  deepsentinel_test_window_50-00000013         fusion: VERDICT LOW fused=0.0000 (meta_classifier, 3/3)  contributions graph=-1.99 behavioural=-3.79 temporal=-2.48
09:21:36.254  INFO  deepsentinel_test_window_50-00000017         ───── screening  CASH_OUT 433736.93 C1267044416 → C694195876
09:21:36.470  INFO  deepsentinel_test_window_50-00000017         behaviour: OK     /api/v1/behavioral/classify → behavioral_risk_score=0.000002 in 214ms
09:21:36.473  INFO  deepsentinel_test_window_50-00000017         graph: OK     score=0.017200 risk=LOW pattern=HUB_AND_SPOKE sink=C694195876 in 219ms
09:21:36.474  INFO  deepsentinel_test_window_50-00000017         timing: OK     /api/v1/classify → temporal_risk_score=0.184018 in 219ms
09:21:36.476  INFO  deepsentinel_test_window_50-00000017         fusion: VERDICT LOW fused=0.0000 (meta_classifier, 3/3)  contributions graph=-2.10 behavioural=-3.79 temporal=-2.79
09:21:38.984  INFO  deepsentinel_test_window_50-00000018         ───── screening  CASH_OUT 203960.1 C1271279475 → C1610267199
09:21:38.997  INFO  deepsentinel_test_window_50-00000018         behaviour: OK     /api/v1/behavioral/classify → behavioral_risk_score=0.000001 in 9ms
09:21:39.031  INFO  deepsentinel_test_window_50-00000018         graph: OK     score=0.017100 risk=LOW pattern=HUB_AND_SPOKE sink=C1610267199 in 45ms
09:21:39.068  INFO  deepsentinel_test_window_50-00000018         timing: OK     /api/v1/classify → temporal_risk_score=0.187897 in 80ms
09:21:39.070  INFO  deepsentinel_test_window_50-00000018         fusion: VERDICT LOW fused=0.0000 (meta_classifier, 3/3)  contributions graph=-2.10 behavioural=-3.79 temporal=-2.73
09:21:41.227  INFO  deepsentinel_test_window_50-00000019         ───── screening  TRANSFER 167606.49 C1631161002 → C2099952089
09:21:41.242  INFO  deepsentinel_test_window_50-00000019         behaviour: OK     /api/v1/behavioral/classify → behavioral_risk_score=0.099339 in 9ms
09:21:41.269  INFO  deepsentinel_test_window_50-00000019         graph: OK     score=0.017200 risk=LOW pattern=ACCOUNT_TAKEOVER sink=C2099952089 in 42ms
09:21:41.306  INFO  deepsentinel_test_window_50-00000019         timing: OK     /api/v1/classify → temporal_risk_score=0.865404 in 74ms
09:21:41.307  INFO  deepsentinel_test_window_50-00000019         fusion: VERDICT HIGH fused=0.6675 (meta_classifier, 3/3, driver=temporal)  contributions graph=-2.10 behavioural=-2.60 temporal=+7.81
09:21:45.608  INFO  deepsentinel_test_window_50-00000020         ───── screening  CASH_OUT 211903.66 C1180334417 → C220655618
09:21:45.618  INFO  deepsentinel_test_window_50-00000020         behaviour: OK     /api/v1/behavioral/classify → behavioral_risk_score=0.000000 in 7ms
09:21:45.654  INFO  deepsentinel_test_window_50-00000020         graph: OK     score=0.014600 risk=LOW pattern=HUB_AND_SPOKE sink=C220655618 in 46ms
09:21:45.682  INFO  deepsentinel_test_window_50-00000020         timing: OK     /api/v1/classify → temporal_risk_score=0.212717 in 73ms
09:21:45.683  INFO  deepsentinel_test_window_50-00000020         fusion: VERDICT LOW fused=0.0000 (meta_classifier, 3/3)  contributions graph=-2.12 behavioural=-3.79 temporal=-2.34
09:21:46.473  INFO  deepsentinel_test_window_50-00000019         fusion: START  email_delivery
09:21:48.988  INFO  deepsentinel_test_window_50-00000026         ───── screening  TRANSFER 1326310.62 C2028127673 → C1647842444
09:21:48.999  INFO  deepsentinel_test_window_50-00000026         behaviour: OK     /api/v1/behavioral/classify → behavioral_risk_score=0.000001 in 9ms
09:21:49.032  INFO  deepsentinel_test_window_50-00000026         graph: OK     score=0.243900 risk=HIGH pattern=ACCOUNT_TAKEOVER sink=C1647842444 in 43ms
09:21:49.071  INFO  deepsentinel_test_window_50-00000026         timing: OK     /api/v1/classify → temporal_risk_score=0.206590 in 81ms
09:21:49.072  INFO  deepsentinel_test_window_50-00000026         fusion: VERDICT LOW fused=0.0001 (meta_classifier, 3/3)  contributions graph=-0.35 behavioural=-3.79 temporal=-2.44
09:21:52.374  INFO  deepsentinel_test_window_50-00000019         fusion: OK     email_delivery in 5.90s — delivered to 1 recipient(s)
09:21:56.587  INFO  deepsentinel_test_window_50-00000033         ───── screening  TRANSFER 135289.71 C1736810162 → C1450998839
09:21:56.629  INFO  deepsentinel_test_window_50-00000033         graph: OK     score=0.017100 risk=LOW pattern=ACCOUNT_TAKEOVER sink=C1450998839 in 42ms
09:21:56.849  INFO  deepsentinel_test_window_50-00000033         behaviour: OK     /api/v1/behavioral/classify → behavioral_risk_score=0.208016 in 260ms
09:21:56.899  INFO  deepsentinel_test_window_50-00000033         timing: OK     /api/v1/classify → temporal_risk_score=0.849818 in 312ms
09:21:56.901  INFO  deepsentinel_test_window_50-00000033         fusion: VERDICT CRITICAL fused=0.8526 (meta_classifier, 3/3, driver=temporal)  contributions graph=-2.10 behavioural=-1.30 temporal=+7.56
09:22:00.821  INFO  deepsentinel_test_window_50-00000031         ───── screening  TRANSFER 114149.44 C1157446475 → C1367473638
09:22:00.825  INFO  deepsentinel_test_window_50-00000033         fusion: START  email_delivery
09:22:00.848  INFO  deepsentinel_test_window_50-00000031         behaviour: OK     /api/v1/behavioral/classify → behavioral_risk_score=0.208016 in 25ms
09:22:00.855  INFO  deepsentinel_test_window_50-00000031         graph: OK     score=0.017100 risk=LOW pattern=ACCOUNT_TAKEOVER sink=C1367473638 in 35ms
09:22:00.889  INFO  deepsentinel_test_window_50-00000031         timing: OK     /api/v1/classify → temporal_risk_score=0.804826 in 67ms
09:22:00.890  INFO  deepsentinel_test_window_50-00000031         fusion: VERDICT HIGH fused=0.7418 (meta_classifier, 3/3, driver=temporal)  contributions graph=-2.10 behavioural=-1.30 temporal=+6.86
09:22:04.692  INFO  deepsentinel_test_window_50-00000032         ───── screening  CASH_OUT 646403.58 C196120368 → C1046914187
09:22:04.700  INFO  deepsentinel_test_window_50-00000032         behaviour: OK     /api/v1/behavioral/classify → behavioral_risk_score=0.000002 in 6ms
09:22:04.728  INFO  deepsentinel_test_window_50-00000032         graph: OK     score=0.017200 risk=LOW pattern=HUB_AND_SPOKE sink=C1046914187 in 35ms
09:22:04.765  INFO  deepsentinel_test_window_50-00000032         timing: OK     /api/v1/classify → temporal_risk_score=0.368969 in 72ms
09:22:04.767  INFO  deepsentinel_test_window_50-00000032         fusion: VERDICT LOW fused=0.0003 (meta_classifier, 3/3, driver=temporal)  contributions graph=-2.10 behavioural=-3.79 temporal=+0.09
09:22:04.988  INFO  deepsentinel_test_window_50-00000031         fusion: START  email_delivery
09:22:06.769  INFO  deepsentinel_test_window_50-00000033         fusion: OK     email_delivery in 5.94s — delivered to 1 recipient(s)
09:22:07.605  INFO  deepsentinel_test_window_50-00000040         ───── screening  CASH_OUT 133929.76 C2147122684 → C1170389991
09:22:07.615  INFO  deepsentinel_test_window_50-00000040         behaviour: OK     /api/v1/behavioral/classify → behavioral_risk_score=0.000001 in 7ms
09:22:07.643  INFO  deepsentinel_test_window_50-00000040         graph: OK     score=0.017100 risk=LOW pattern=ACCOUNT_TAKEOVER sink=C1170389991 in 37ms
09:22:07.682  INFO  deepsentinel_test_window_50-00000040         timing: OK     /api/v1/classify → temporal_risk_score=0.187727 in 76ms
09:22:07.684  INFO  deepsentinel_test_window_50-00000040         fusion: VERDICT LOW fused=0.0000 (meta_classifier, 3/3)  contributions graph=-2.10 behavioural=-3.79 temporal=-2.73
09:22:10.077  INFO  deepsentinel_test_window_50-00000041         ───── screening  CASH_OUT 506923.53 C438124232 → C1360951164
09:22:10.089  INFO  deepsentinel_test_window_50-00000041         behaviour: OK     /api/v1/behavioral/classify → behavioral_risk_score=0.310365 in 9ms
09:22:10.121  INFO  deepsentinel_test_window_50-00000041         graph: OK     score=0.017100 risk=LOW pattern=HUB_AND_SPOKE sink=C1360951164 in 43ms
09:22:10.163  INFO  deepsentinel_test_window_50-00000041         timing: OK     /api/v1/classify → temporal_risk_score=0.242184 in 85ms
09:22:10.164  INFO  deepsentinel_test_window_50-00000041         fusion: VERDICT LOW fused=0.0015 (meta_classifier, 3/3)  contributions graph=-2.10 behavioural=-0.07 temporal=-1.89
09:22:10.457  INFO  deepsentinel_test_window_50-00000031         fusion: OK     email_delivery in 5.47s — delivered to 1 recipient(s)
09:22:11.942  INFO  deepsentinel_test_window_50-00000042         ───── screening  CASH_OUT 60107.69 C227224363 → C1991548326
09:22:11.955  INFO  deepsentinel_test_window_50-00000042         behaviour: OK     /api/v1/behavioral/classify → behavioral_risk_score=0.000001 in 11ms
09:22:11.989  INFO  deepsentinel_test_window_50-00000042         graph: OK     score=0.017100 risk=LOW pattern=HUB_AND_SPOKE sink=C1991548326 in 47ms
09:22:12.024  INFO  deepsentinel_test_window_50-00000042         timing: OK     /api/v1/classify → temporal_risk_score=0.181095 in 81ms
09:22:12.025  INFO  deepsentinel_test_window_50-00000042         fusion: VERDICT LOW fused=0.0000 (meta_classifier, 3/3)  contributions graph=-2.10 behavioural=-3.79 temporal=-2.84
09:22:14.506  INFO  deepsentinel_test_window_50-00000045         ───── screening  CASH_OUT 12275.03 C1144338978 → C64203405
09:22:14.517  INFO  deepsentinel_test_window_50-00000045         behaviour: OK     /api/v1/behavioral/classify → behavioral_risk_score=0.000001 in 9ms
09:22:14.543  INFO  deepsentinel_test_window_50-00000045         graph: OK     score=0.017200 risk=LOW pattern=ACCOUNT_TAKEOVER sink=C64203405 in 36ms
09:22:14.576  INFO  deepsentinel_test_window_50-00000045         timing: OK     /api/v1/classify → temporal_risk_score=0.199825 in 68ms
09:22:14.577  INFO  deepsentinel_test_window_50-00000045         fusion: VERDICT LOW fused=0.0000 (meta_classifier, 3/3)  contributions graph=-2.10 behavioural=-3.79 temporal=-2.54
09:22:17.027  INFO  deepsentinel_test_window_50-00000046         ───── screening  CASH_OUT 258401.64 C1683536357 → C1679852456
09:22:17.035  INFO  deepsentinel_test_window_50-00000046         behaviour: OK     /api/v1/behavioral/classify → behavioral_risk_score=0.000000 in 6ms
09:22:17.063  INFO  deepsentinel_test_window_50-00000046         graph: OK     score=0.017200 risk=LOW pattern=ACCOUNT_TAKEOVER sink=C1679852456 in 36ms
09:22:17.095  INFO  deepsentinel_test_window_50-00000046         timing: OK     /api/v1/classify → temporal_risk_score=0.183918 in 67ms
09:22:17.096  INFO  deepsentinel_test_window_50-00000046         fusion: VERDICT LOW fused=0.0000 (meta_classifier, 3/3)  contributions graph=-2.10 behavioural=-3.79 temporal=-2.79
09:22:20.187  INFO  deepsentinel_test_window_50-00000047         ───── screening  CASH_OUT 54873.53 C811979057 → C1851982775
09:22:20.197  INFO  deepsentinel_test_window_50-00000047         behaviour: OK     /api/v1/behavioral/classify → behavioral_risk_score=0.000001 in 9ms
09:22:20.235  INFO  deepsentinel_test_window_50-00000047         graph: OK     score=0.014600 risk=LOW pattern=HUB_AND_SPOKE sink=C1851982775 in 48ms
09:22:20.261  INFO  deepsentinel_test_window_50-00000047         timing: OK     /api/v1/classify → temporal_risk_score=0.198819 in 74ms
09:22:20.264  INFO  deepsentinel_test_window_50-00000047         fusion: VERDICT LOW fused=0.0000 (meta_classifier, 3/3)  contributions graph=-2.12 behavioural=-3.79 temporal=-2.56
09:22:22.037  INFO  deepsentinel_test_window_50-00000048         ───── screening  CASH_OUT 50924.97 C365021638 → C757212877
09:22:22.047  INFO  deepsentinel_test_window_50-00000048         behaviour: OK     /api/v1/behavioral/classify → behavioral_risk_score=0.000001 in 8ms
09:22:22.083  INFO  deepsentinel_test_window_50-00000048         graph: OK     score=0.017100 risk=LOW pattern=HUB_AND_SPOKE sink=C757212877 in 45ms
09:22:22.116  INFO  deepsentinel_test_window_50-00000048         timing: OK     /api/v1/classify → temporal_risk_score=0.180790 in 78ms
09:22:22.118  INFO  deepsentinel_test_window_50-00000048         fusion: VERDICT LOW fused=0.0000 (meta_classifier, 3/3)  contributions graph=-2.10 behavioural=-3.79 temporal=-2.84
